Component: ARM Compiler 6.16 Tool: armlink [5dfeaa00]

==============================================================================

Memory Map of the image

  Image Entry point : 0x08000189

  Load Region LR_IROM1 (Base: 0x08000000, Size: 0x00018b74, Max: 0x00100000, ABSOLUTE, COMPRESSED[0x00018a88])

    Execution Region ER_IROM1 (Base: 0x08000000, Size: 0x00018998, Max: 0x00100000, ABSOLUTE)

    Base Addr    Size         Type   Attr      Idx    E Section Name        Object

    0x08000000   0x00000188   Data   RO        35514    RESET               BUILD/DISCO_L475VG_IOT01A/ARMC6/mbed-os/targets/TARGET_STM/TARGET_STM32L4/TARGET_STM32L475xG/TOOLCHAIN_ARM/startup_stm32l475xx.o
    0x08000188   0x00000008   Code   RO        36611  * !!!main             c:\Users\Jay\AppData\Local\Mbed Studio\mbed-studio-tools\ac6\bin\..\lib\armlib\c_w.l(__main.o)
    0x08000190   0x00000034   Code   RO        37607    !!!scatter          c:\Users\Jay\AppData\Local\Mbed Studio\mbed-studio-tools\ac6\bin\..\lib\armlib\c_w.l(__scatter.o)
    0x080001c4   0x0000003a   Code   RO        37605    !!dczerorl          c:\Users\Jay\AppData\Local\Mbed Studio\mbed-studio-tools\ac6\bin\..\lib\armlib\c_w.l(__dczerorl.o)
    0x080001fe   0x00000002   PAD
    0x08000200   0x0000001a   Code   RO        37609    !!handler_copy      c:\Users\Jay\AppData\Local\Mbed Studio\mbed-studio-tools\ac6\bin\..\lib\armlib\c_w.l(__scatter_copy.o)
    0x0800021a   0x00000002   PAD
    0x0800021c   0x0000001c   Code   RO        37611    !!handler_zi        c:\Users\Jay\AppData\Local\Mbed Studio\mbed-studio-tools\ac6\bin\..\lib\armlib\c_w.l(__scatter_zi.o)
    0x08000238   0x00000000   Code   RO        36479    .ARM.Collect$$_printf_percent$$00000000  c:\Users\Jay\AppData\Local\Mbed Studio\mbed-studio-tools\ac6\bin\..\lib\armlib\c_w.l(_printf_percent.o)
    0x08000238   0x00000006   Code   RO        36471    .ARM.Collect$$_printf_percent$$00000001  c:\Users\Jay\AppData\Local\Mbed Studio\mbed-studio-tools\ac6\bin\..\lib\armlib\c_w.l(_printf_n.o)
    0x0800023e   0x00000006   Code   RO        36473    .ARM.Collect$$_printf_percent$$00000002  c:\Users\Jay\AppData\Local\Mbed Studio\mbed-studio-tools\ac6\bin\..\lib\armlib\c_w.l(_printf_p.o)
    0x08000244   0x00000006   Code   RO        36478    .ARM.Collect$$_printf_percent$$00000003  c:\Users\Jay\AppData\Local\Mbed Studio\mbed-studio-tools\ac6\bin\..\lib\armlib\c_w.l(_printf_f.o)
    0x0800024a   0x00000006   Code   RO        36839    .ARM.Collect$$_printf_percent$$00000004  c:\Users\Jay\AppData\Local\Mbed Studio\mbed-studio-tools\ac6\bin\..\lib\armlib\c_w.l(_printf_e.o)
    0x08000250   0x00000006   Code   RO        36840    .ARM.Collect$$_printf_percent$$00000005  c:\Users\Jay\AppData\Local\Mbed Studio\mbed-studio-tools\ac6\bin\..\lib\armlib\c_w.l(_printf_g.o)
    0x08000256   0x00000006   Code   RO        36841    .ARM.Collect$$_printf_percent$$00000006  c:\Users\Jay\AppData\Local\Mbed Studio\mbed-studio-tools\ac6\bin\..\lib\armlib\c_w.l(_printf_a.o)
    0x0800025c   0x0000000a   Code   RO        36846    .ARM.Collect$$_printf_percent$$00000007  c:\Users\Jay\AppData\Local\Mbed Studio\mbed-studio-tools\ac6\bin\..\lib\armlib\c_w.l(_printf_ll.o)
    0x08000266   0x00000006   Code   RO        36475    .ARM.Collect$$_printf_percent$$00000008  c:\Users\Jay\AppData\Local\Mbed Studio\mbed-studio-tools\ac6\bin\..\lib\armlib\c_w.l(_printf_i.o)
    0x0800026c   0x00000006   Code   RO        36476    .ARM.Collect$$_printf_percent$$00000009  c:\Users\Jay\AppData\Local\Mbed Studio\mbed-studio-tools\ac6\bin\..\lib\armlib\c_w.l(_printf_d.o)
    0x08000272   0x00000006   Code   RO        36477    .ARM.Collect$$_printf_percent$$0000000A  c:\Users\Jay\AppData\Local\Mbed Studio\mbed-studio-tools\ac6\bin\..\lib\armlib\c_w.l(_printf_u.o)
    0x08000278   0x00000006   Code   RO        36474    .ARM.Collect$$_printf_percent$$0000000B  c:\Users\Jay\AppData\Local\Mbed Studio\mbed-studio-tools\ac6\bin\..\lib\armlib\c_w.l(_printf_o.o)
    0x0800027e   0x00000006   Code   RO        36472    .ARM.Collect$$_printf_percent$$0000000C  c:\Users\Jay\AppData\Local\Mbed Studio\mbed-studio-tools\ac6\bin\..\lib\armlib\c_w.l(_printf_x.o)
    0x08000284   0x00000006   Code   RO        36843    .ARM.Collect$$_printf_percent$$0000000D  c:\Users\Jay\AppData\Local\Mbed Studio\mbed-studio-tools\ac6\bin\..\lib\armlib\c_w.l(_printf_lli.o)
    0x0800028a   0x00000006   Code   RO        36844    .ARM.Collect$$_printf_percent$$0000000E  c:\Users\Jay\AppData\Local\Mbed Studio\mbed-studio-tools\ac6\bin\..\lib\armlib\c_w.l(_printf_lld.o)
    0x08000290   0x00000006   Code   RO        36845    .ARM.Collect$$_printf_percent$$0000000F  c:\Users\Jay\AppData\Local\Mbed Studio\mbed-studio-tools\ac6\bin\..\lib\armlib\c_w.l(_printf_llu.o)
    0x08000296   0x00000006   Code   RO        36849    .ARM.Collect$$_printf_percent$$00000010  c:\Users\Jay\AppData\Local\Mbed Studio\mbed-studio-tools\ac6\bin\..\lib\armlib\c_w.l(_printf_llo.o)
[...]
    0x0800ed36   0x0000002e   Code   RO          269    .text._ZThn4_N17ISM43362Interface7connectEPKcS1_14nsapi_securityh  BUILD/DISCO_L475VG_IOT01A/ARMC6/COMPONENT_ism43362/ISM43362Interface.o
    0x0800ed64   0x00000006   Code   RO          275    .text._ZThn4_N17ISM43362Interface7connectEv  BUILD/DISCO_L475VG_IOT01A/ARMC6/COMPONENT_ism43362/ISM43362Interface.o
    0x0800ed6a   0x00000020   Code   RO          319    .text._ZThn4_N17ISM43362Interface8get_rssiEv  BUILD/DISCO_L475VG_IOT01A/ARMC6/COMPONENT_ism43362/ISM43362Interface.o
    0x0800ed8a   0x0000004e   Code   RO          403    .text._ZThn4_N17ISM43362InterfaceD0Ev  BUILD/DISCO_L475VG_IOT01A/ARMC6/COMPONENT_ism43362/ISM43362Interface.o
    0x0800edd8   0x00000042   Code   RO          401    .text._ZThn4_N17ISM43362InterfaceD1Ev  BUILD/DISCO_L475VG_IOT01A/ARMC6/COMPONENT_ism43362/ISM43362Interface.o
    0x0800ee1a   0x0000000a   Code   RO          405    .text._ZTv0_n124_N17ISM43362Interface9get_stackEv  BUILD/DISCO_L475VG_IOT01A/ARMC6/COMPONENT_ism43362/ISM43362Interface.o
    0x0800ee24   0x0000000c   Code   RO          299    .text._ZTv0_n44_N17ISM43362Interface15get_mac_addressEv  BUILD/DISCO_L475VG_IOT01A/ARMC6/COMPONENT_ism43362/ISM43362Interface.o
    0x0800ee30   0x0000000c   Code   RO          295    .text._ZTv0_n52_N17ISM43362Interface14get_ip_addressEP13SocketAddress  BUILD/DISCO_L475VG_IOT01A/ARMC6/COMPONENT_ism43362/ISM43362Interface.o
    0x0800ee3c   0x0000000c   Code   RO          311    .text._ZTv0_n60_N17ISM43362Interface11get_netmaskEP13SocketAddress  BUILD/DISCO_L475VG_IOT01A/ARMC6/COMPONENT_ism43362/ISM43362Interface.o
    0x0800ee48   0x0000000c   Code   RO          305    .text._ZTv0_n64_N17ISM43362Interface11get_gatewayEP13SocketAddress  BUILD/DISCO_L475VG_IOT01A/ARMC6/COMPONENT_ism43362/ISM43362Interface.o
    0x0800ee54   0x0000000e   Code   RO          315    .text._ZTv0_n68_N17ISM43362Interface18get_interface_nameEPc  BUILD/DISCO_L475VG_IOT01A/ARMC6/COMPONENT_ism43362/ISM43362Interface.o
    0x0800ee62   0x0000001e   Code   RO          357    .text._ZTv0_n92_N17ISM43362Interface6attachEN4mbed8CallbackIFv11nsapi_eventiEEE  BUILD/DISCO_L475VG_IOT01A/ARMC6/COMPONENT_ism43362/ISM43362Interface.o
    0x0800ee80   0x00000024   Code   RO          361    .text._ZTv0_n96_NK17ISM43362Interface21get_connection_statusEv  BUILD/DISCO_L475VG_IOT01A/ARMC6/COMPONENT_ism43362/ISM43362Interface.o
    0x0800eea4   0x00000004   Code   RO        30180    .text._ZdaPv        BUILD/DISCO_L475VG_IOT01A/ARMC6/mbed-os/platform/source/mbed_retarget.o
    0x0800eea8   0x00000004   Code   RO        30124    .text._ZdlPv        BUILD/DISCO_L475VG_IOT01A/ARMC6/mbed-os/platform/source/mbed_retarget.o
    0x0800eeac   0x0000004e   Code   RO        25759    .text._ZeqRK13SocketAddressS1_  BUILD/DISCO_L475VG_IOT01A/ARMC6/mbed-os/connectivity/netsocket/source/SocketAddress.o
    0x0800eefa   0x00000002   PAD
    0x0800eefc   0x0000004c   Code   RO        30174    .text._Znaj         BUILD/DISCO_L475VG_IOT01A/ARMC6/mbed-os/platform/source/mbed_retarget.o
    0x0800ef48   0x00000004   Code   RO        30176    .text._ZnajRKSt9nothrow_t  BUILD/DISCO_L475VG_IOT01A/ARMC6/mbed-os/platform/source/mbed_retarget.o
    0x0800ef4c   0x0000000c   Code   RO        25761    .text._ZneRK13SocketAddressS1_  BUILD/DISCO_L475VG_IOT01A/ARMC6/mbed-os/connectivity/netsocket/source/SocketAddress.o
    0x0800ef58   0x0000004c   Code   RO        30172    .text._Znwj         BUILD/DISCO_L475VG_IOT01A/ARMC6/mbed-os/platform/source/mbed_retarget.o
    0x0800efa4   0x00000004   Code   RO        30122    .text._ZnwjRKSt9nothrow_t  BUILD/DISCO_L475VG_IOT01A/ARMC6/mbed-os/platform/source/mbed_retarget.o
    0x0800efa8   0x00000024   Code   RO        29928    .text.__NVIC_SystemReset  BUILD/DISCO_L475VG_IOT01A/ARMC6/mbed-os/platform/source/mbed_error.o
    0x0800efcc   0x0000007c   Code   RO        30166    .text.__cxa_guard_acquire  BUILD/DISCO_L475VG_IOT01A/ARMC6/mbed-os/platform/source/mbed_retarget.o
    0x0800f048   0x00000046   Code   RO        30168    .text.__cxa_guard_release  BUILD/DISCO_L475VG_IOT01A/ARMC6/mbed-os/platform/source/mbed_retarget.o
    0x0800f08e   0x00000002   PAD
    0x0800f090   0x00000028   Code   RO        36741    .text.__cxa_pure_virtual  c:\Users\Jay\AppData\Local\Mbed Studio\mbed-studio-tools\ac6\bin\..\lib\libcxx\libcppabi_w.l(cxa_virtual.cpp.o)
    0x0800f0b8   0x0000004e   Code   RO         1366    .text.__rt_entry    BUILD/DISCO_L475VG_IOT01A/ARMC6/mbed-os/cmsis/device/rtos/TOOLCHAIN_ARM_STD/mbed_boot_arm_std.o
    0x0800f106   0x00000002   PAD
    0x0800f108   0x00000068   Code   RO         1370    .text.__user_perthread_libspace  BUILD/DISCO_L475VG_IOT01A/ARMC6/mbed-os/cmsis/device/rtos/TOOLCHAIN_ARM_STD/mbed_boot_arm_std.o
    0x0800f170   0x00000004   Code   RO        30102    .text.__user_setup_stackheap  BUILD/DISCO_L475VG_IOT01A/ARMC6/mbed-os/platform/source/mbed_retarget.o
    0x0800f174   0x00000032   Code   RO        30098    .text._mbed_user_setup_stackheap  BUILD/DISCO_L475VG_IOT01A/ARMC6/mbed-os/platform/source/mbed_retarget.o
    0x0800f1a6   0x00000034   Code   RO         1374    .text._mutex_acquire  BUILD/DISCO_L475VG_IOT01A/ARMC6/mbed-os/cmsis/device/rtos/TOOLCHAIN_ARM_STD/mbed_boot_arm_std.o
    0x0800f1da   0x00000002   PAD
    0x0800f1dc   0x00000042   Code   RO         1378    .text._mutex_free   BUILD/DISCO_L475VG_IOT01A/ARMC6/mbed-os/cmsis/device/rtos/TOOLCHAIN_ARM_STD/mbed_boot_arm_std.o
    0x0800f21e   0x00000002   PAD
    0x0800f220   0x000000a4   Code   RO         1372    .text._mutex_initialize  BUILD/DISCO_L475VG_IOT01A/ARMC6/mbed-os/cmsis/device/rtos/TOOLCHAIN_ARM_STD/mbed_boot_arm_std.o
    0x0800f2c4   0x00000030   Code   RO         1376    .text._mutex_release  BUILD/DISCO_L475VG_IOT01A/ARMC6/mbed-os/cmsis/device/rtos/TOOLCHAIN_ARM_STD/mbed_boot_arm_std.o
    0x0800f2f4   0x00000004   Code   RO          998    .text._platform_post_stackheap_init  BUILD/DISCO_L475VG_IOT01A/ARMC6/mbed-os/cmsis/CMSIS_5/CMSIS/RTOS2/RTX/Source/rtx_lib.o
    0x0800f2f8   0x00000004   Code   RO        30190    .text._scanf_mbtowc  BUILD/DISCO_L475VG_IOT01A/ARMC6/mbed-os/platform/source/mbed_retarget.o
    0x0800f2fc   0x00000004   Code   RO        30068    .text._sys_close    BUILD/DISCO_L475VG_IOT01A/ARMC6/mbed-os/platform/source/mbed_retarget.o
    0x0800f300   0x00000002   Code   RO        30076    .text._sys_exit     BUILD/DISCO_L475VG_IOT01A/ARMC6/mbed-os/platform/source/mbed_retarget.o
    0x0800f302   0x0000002a   Code   RO        30096    .text._sys_flen     BUILD/DISCO_L475VG_IOT01A/ARMC6/mbed-os/platform/source/mbed_retarget.o
    0x0800f32c   0x00000004   Code   RO        30084    .text._sys_istty    BUILD/DISCO_L475VG_IOT01A/ARMC6/mbed-os/platform/source/mbed_retarget.o
    0x0800f330   0x0000008a   Code   RO        30064    .text._sys_open     BUILD/DISCO_L475VG_IOT01A/ARMC6/mbed-os/platform/source/mbed_retarget.o
    0x0800f3ba   0x00000006   Code   RO        30086    .text._sys_seek     BUILD/DISCO_L475VG_IOT01A/ARMC6/mbed-os/platform/source/mbed_retarget.o
    0x0800f3c0   0x00000130   Code   RO        30072    .text._sys_write    BUILD/DISCO_L475VG_IOT01A/ARMC6/mbed-os/platform/source/mbed_retarget.o
    0x0800f4f0   0x00000018   Code   RO        30078    .text._ttywrch      BUILD/DISCO_L475VG_IOT01A/ARMC6/mbed-os/platform/source/mbed_retarget.o
    0x0800f508   0x00000016   Code   RO        30277    .text._wait_us_ticks  BUILD/DISCO_L475VG_IOT01A/ARMC6/mbed-os/platform/source/mbed_wait_api_no_rtos.o
    0x0800f51e   0x00000004   Code   RO        37043    .text.abort_message  c:\Users\Jay\AppData\Local\Mbed Studio\mbed-studio-tools\ac6\bin\..\lib\libcxx\libcppabi_w.l(abort_message.cpp.o)
    0x0800f522   0x00000002   PAD
    0x0800f524   0x00000126   Code   RO        35528    .text.adc_read      BUILD/DISCO_L475VG_IOT01A/ARMC6/mbed-os/targets/TARGET_STM/TARGET_STM32L4/analogin_device.o
    0x0800f64a   0x00000048   Code   RO        35526    .text.analogin_init  BUILD/DISCO_L475VG_IOT01A/ARMC6/mbed-os/targets/TARGET_STM/TARGET_STM32L4/analogin_device.o
    0x0800f692   0x00000002   PAD
    0x0800f694   0x00000148   Code   RO        35524    .text.analogin_init_direct  BUILD/DISCO_L475VG_IOT01A/ARMC6/mbed-os/targets/TARGET_STM/TARGET_STM32L4/analogin_device.o
    0x0800f7dc   0x0000001c   Code   RO        35728    .text.analogin_read  BUILD/DISCO_L475VG_IOT01A/ARMC6/mbed-os/targets/TARGET_STM/analogin_api.o
    0x0800f7f8   0x00000002   Code   RO        29271    .text.block_us_ticker_free  BUILD/DISCO_L475VG_IOT01A/ARMC6/mbed-os/hal/source/mbed_us_ticker_api.o
    0x0800f7fa   0x00000134   Code   RO        35778    .text.can_irq       BUILD/DISCO_L475VG_IOT01A/ARMC6/mbed-os/targets/TARGET_STM/can_api.o
    0x0800f92e   0x0000003c   Code   RO        30070    .text.close         BUILD/DISCO_L475VG_IOT01A/ARMC6/mbed-os/platform/source/mbed_retarget.o
    0x0800f96a   0x0000000a   Code   RO        10317    .text.common_write_16_bit  BUILD/DISCO_L475VG_IOT01A/ARMC6/mbed-os/connectivity/libraries/nanostack-libservice/source/libBits/common_functions.o
    0x0800f974   0x0000000c   Code   RO        29871    .text.core_util_are_interrupts_enabled  BUILD/DISCO_L475VG_IOT01A/ARMC6/mbed-os/platform/source/mbed_critical.o
    0x0800f980   0x00000016   Code   RO        29826    .text.core_util_atomic_load_u64  BUILD/DISCO_L475VG_IOT01A/ARMC6/mbed-os/platform/source/mbed_atomic_impl.o
    0x0800f996   0x00000002   PAD
    0x0800f998   0x00000088   Code   RO        29877    .text.core_util_critical_section_enter  BUILD/DISCO_L475VG_IOT01A/ARMC6/mbed-os/platform/source/mbed_critical.o
    0x0800fa20   0x00000018   Code   RO        29879    .text.core_util_critical_section_exit  BUILD/DISCO_L475VG_IOT01A/ARMC6/mbed-os/platform/source/mbed_critical.o
    0x0800fa38   0x0000000c   Code   RO        29873    .text.core_util_is_isr_active  BUILD/DISCO_L475VG_IOT01A/ARMC6/mbed-os/platform/source/mbed_critical.o
    0x0800fa44   0x00000054   Code   RO        36120    .text.debug         BUILD/DISCO_L475VG_IOT01A/ARMC6/mbed-os/targets/TARGET_STM/serial_api.o
    0x0800fa98   0x00000064   Code   RO        36169    .text.debug         BUILD/DISCO_L475VG_IOT01A/ARMC6/mbed-os/targets/TARGET_STM/stm_spi_api.o
    0x0800fafc   0x00000082   Code   RO        28504    .text.equeue_alloc  BUILD/DISCO_L475VG_IOT01A/ARMC6/mbed-os/events/source/equeue.o
    0x0800fb7e   0x00000024   Code   RO        28498    .text.equeue_create  BUILD/DISCO_L475VG_IOT01A/ARMC6/mbed-os/events/source/equeue.o
    0x0800fba2   0x00000072   Code   RO        28500    .text.equeue_create_inplace  BUILD/DISCO_L475VG_IOT01A/ARMC6/mbed-os/events/source/equeue.o
    0x0800fc14   0x00000086   Code   RO        28506    .text.equeue_dealloc  BUILD/DISCO_L475VG_IOT01A/ARMC6/mbed-os/events/source/equeue.o
    0x0800fc9a   0x00000002   PAD
    0x0800fc9c   0x000001aa   Code   RO        28526    .text.equeue_dispatch  BUILD/DISCO_L475VG_IOT01A/ARMC6/mbed-os/events/source/equeue.o
    0x0800fe46   0x00000002   PAD
    0x0800fe48   0x000000b4   Code   RO        28508    .text.equeue_enqueue  BUILD/DISCO_L475VG_IOT01A/ARMC6/mbed-os/events/source/equeue.o
    0x0800fefc   0x00000004   Code   RO        28560    .text.equeue_mutex_lock  BUILD/DISCO_L475VG_IOT01A/ARMC6/mbed-os/events/source/equeue_mbed.o
    0x0800ff00   0x00000004   Code   RO        28562    .text.equeue_mutex_unlock  BUILD/DISCO_L475VG_IOT01A/ARMC6/mbed-os/events/source/equeue_mbed.o
    0x0800ff04   0x00000048   Code   RO        28510    .text.equeue_post   BUILD/DISCO_L475VG_IOT01A/ARMC6/mbed-os/events/source/equeue.o
    0x0800ff4c   0x00000014   Code   RO        28564    .text.equeue_sema_create  BUILD/DISCO_L475VG_IOT01A/ARMC6/mbed-os/events/source/equeue_mbed.o
    0x0800ff60   0x00000006   Code   RO        28568    .text.equeue_sema_signal  BUILD/DISCO_L475VG_IOT01A/ARMC6/mbed-os/events/source/equeue_mbed.o
    0x0800ff66   0x00000018   Code   RO        28570    .text.equeue_sema_wait  BUILD/DISCO_L475VG_IOT01A/ARMC6/mbed-os/events/source/equeue_mbed.o
    0x0800ff7e   0x00000032   Code   RO        28554    .text.equeue_tick   BUILD/DISCO_L475VG_IOT01A/ARMC6/mbed-os/events/source/equeue_mbed.o
    0x0800ffb0   0x00000004   Code   RO        28552    .text.equeue_tick_init  BUILD/DISCO_L475VG_IOT01A/ARMC6/mbed-os/events/source/equeue_mbed.o
    0x0800ffb4   0x00000070   Code   RO        29884    .text.error         BUILD/DISCO_L475VG_IOT01A/ARMC6/mbed-os/platform/source/mbed_error.o
    0x08010024   0x00000034   Code   RO         1445    .text.error_msg     BUILD/DISCO_L475VG_IOT01A/ARMC6/mbed-os/cmsis/device/rtos/source/mbed_rtx_handlers.o
    0x08010058   0x0000002e   Code   RO        30142    .text.exit          BUILD/DISCO_L475VG_IOT01A/ARMC6/mbed-os/platform/source/mbed_retarget.o
    0x08010086   0x0000002c   Code   RO        30094    .text.fsync         BUILD/DISCO_L475VG_IOT01A/ARMC6/mbed-os/platform/source/mbed_retarget.o
    0x080100b2   0x0000000a   Code   RO        29174    .text.get_lp_ticker_data  BUILD/DISCO_L475VG_IOT01A/ARMC6/mbed-os/hal/source/mbed_lp_ticker_api.o
    0x080100bc   0x00000072   Code   RO        36110    .text.get_uart_index  BUILD/DISCO_L475VG_IOT01A/ARMC6/mbed-os/targets/TARGET_STM/serial_api.o
    0x0801012e   0x0000000a   Code   RO        29265    .text.get_us_ticker_data  BUILD/DISCO_L475VG_IOT01A/ARMC6/mbed-os/hal/source/mbed_us_ticker_api.o
    0x08010138   0x0000002e   Code   RO        35803    .text.gpio_dir      BUILD/DISCO_L475VG_IOT01A/ARMC6/mbed-os/targets/TARGET_STM/gpio_api.o
    0x08010166   0x0000004a   Code   RO        35799    .text.gpio_init     BUILD/DISCO_L475VG_IOT01A/ARMC6/mbed-os/targets/TARGET_STM/gpio_api.o
    0x080101b0   0x00000006   Code   RO        29152    .text.gpio_init_in  BUILD/DISCO_L475VG_IOT01A/ARMC6/mbed-os/hal/source/mbed_gpio.o
    0x080101b6   0x00000026   Code   RO        29154    .text.gpio_init_in_ex  BUILD/DISCO_L475VG_IOT01A/ARMC6/mbed-os/hal/source/mbed_gpio.o
    0x080101dc   0x00000006   Code   RO        29156    .text.gpio_init_out  BUILD/DISCO_L475VG_IOT01A/ARMC6/mbed-os/hal/source/mbed_gpio.o
    0x080101e2   0x00000034   Code   RO        29158    .text.gpio_init_out_ex  BUILD/DISCO_L475VG_IOT01A/ARMC6/mbed-os/hal/source/mbed_gpio.o
    0x08010216   0x00000008   Code   RO        35813    .text.gpio_irq0     BUILD/DISCO_L475VG_IOT01A/ARMC6/mbed-os/targets/TARGET_STM/gpio_irq_api.o
    0x0801021e   0x00000008   Code   RO        35815    .text.gpio_irq1     BUILD/DISCO_L475VG_IOT01A/ARMC6/mbed-os/targets/TARGET_STM/gpio_irq_api.o
    0x08010226   0x00000008   Code   RO        35817    .text.gpio_irq2     BUILD/DISCO_L475VG_IOT01A/ARMC6/mbed-os/targets/TARGET_STM/gpio_irq_api.o
    0x0801022e   0x00000008   Code   RO        35819    .text.gpio_irq3     BUILD/DISCO_L475VG_IOT01A/ARMC6/mbed-os/targets/TARGET_STM/gpio_irq_api.o
    0x08010236   0x00000008   Code   RO        35821    .text.gpio_irq4     BUILD/DISCO_L475VG_IOT01A/ARMC6/mbed-os/targets/TARGET_STM/gpio_irq_api.o
    0x0801023e   0x00000008   Code   RO        35823    .text.gpio_irq5     BUILD/DISCO_L475VG_IOT01A/ARMC6/mbed-os/targets/TARGET_STM/gpio_irq_api.o
    0x08010246   0x00000008   Code   RO        35825    .text.gpio_irq6     BUILD/DISCO_L475VG_IOT01A/ARMC6/mbed-os/targets/TARGET_STM/gpio_irq_api.o
    0x0801024e   0x000000bc   Code   RO        35831    .text.gpio_irq_disable  BUILD/DISCO_L475VG_IOT01A/ARMC6/mbed-os/targets/TARGET_STM/gpio_irq_api.o
    0x0801030a   0x000000a8   Code   RO        35827    .text.gpio_irq_enable  BUILD/DISCO_L475VG_IOT01A/ARMC6/mbed-os/targets/TARGET_STM/gpio_irq_api.o
    0x080103b2   0x00000074   Code   RO        35829    .text.gpio_irq_free  BUILD/DISCO_L475VG_IOT01A/ARMC6/mbed-os/targets/TARGET_STM/gpio_irq_api.o
    0x08010426   0x00000002   PAD
    0x08010428   0x000001a4   Code   RO        35811    .text.gpio_irq_init  BUILD/DISCO_L475VG_IOT01A/ARMC6/mbed-os/targets/TARGET_STM/gpio_irq_api.o
    0x080105cc   0x0000007a   Code   RO        35833    .text.gpio_irq_set  BUILD/DISCO_L475VG_IOT01A/ARMC6/mbed-os/targets/TARGET_STM/gpio_irq_api.o
    0x08010646   0x00000008   Code   RO        35801    .text.gpio_mode     BUILD/DISCO_L475VG_IOT01A/ARMC6/mbed-os/targets/TARGET_STM/gpio_api.o
    0x0801064e   0x00000002   PAD
    0x08010650   0x00000068   Code   RO        35797    .text.gpio_set      BUILD/DISCO_L475VG_IOT01A/ARMC6/mbed-os/targets/TARGET_STM/gpio_api.o
    0x080106b8   0x00000026   Code   RO        29138    .text.hal_critical_section_enter  BUILD/DISCO_L475VG_IOT01A/ARMC6/mbed-os/hal/source/mbed_critical_section_api.o
    0x080106de   0x00000002   PAD
    0x080106e0   0x00000084   Code   RO        29140    .text.hal_critical_section_exit  BUILD/DISCO_L475VG_IOT01A/ARMC6/mbed-os/hal/source/mbed_critical_section_api.o
    0x08010764   0x0000015c   Code   RO        36149    .text.hal_deepsleep  BUILD/DISCO_L475VG_IOT01A/ARMC6/mbed-os/targets/TARGET_STM/sleep.o
    0x080108c0   0x00000022   Code   RO        36147    .text.hal_sleep     BUILD/DISCO_L475VG_IOT01A/ARMC6/mbed-os/targets/TARGET_STM/sleep.o
    0x080108e2   0x00000110   Code   RO        29886    .text.handle_error  BUILD/DISCO_L475VG_IOT01A/ARMC6/mbed-os/platform/source/mbed_error.o
    0x080109f2   0x00000002   PAD
    0x080109f4   0x000000d0   Code   RO        35835    .text.handle_interrupt_in  BUILD/DISCO_L475VG_IOT01A/ARMC6/mbed-os/targets/TARGET_STM/gpio_irq_api.o
    0x08010ac4   0x000000b8   Code   RO        36229    .text.init_32bit_timer  BUILD/DISCO_L475VG_IOT01A/ARMC6/mbed-os/targets/TARGET_STM/us_ticker.o
    0x08010b7c   0x0000005c   Code   RO        36157    .text.init_spi      BUILD/DISCO_L475VG_IOT01A/ARMC6/mbed-os/targets/TARGET_STM/stm_spi_api.o
    0x08010bd8   0x00000092   Code   RO        36112    .text.init_uart     BUILD/DISCO_L475VG_IOT01A/ARMC6/mbed-os/targets/TARGET_STM/serial_api.o
    0x08010c6a   0x00000002   PAD
    0x08010c6c   0x0000017c   Code   RO        29235    .text.initialize    BUILD/DISCO_L475VG_IOT01A/ARMC6/mbed-os/hal/source/mbed_ticker_api.o
    0x08010de8   0x0000006c   Code   RO        29245    .text.insert_event  BUILD/DISCO_L475VG_IOT01A/ARMC6/mbed-os/hal/source/mbed_ticker_api.o
    0x08010e54   0x000000ac   Code   RO        10383    .text.ip4tos        BUILD/DISCO_L475VG_IOT01A/ARMC6/mbed-os/connectivity/libraries/nanostack-libservice/source/libip4string/ip4tos.o
    0x08010f00   0x000000ac   Code   RO        10391    .text.ip6tos        BUILD/DISCO_L475VG_IOT01A/ARMC6/mbed-os/connectivity/libraries/nanostack-libservice/source/libip6string/ip6tos.o
    0x08010fac   0x00000028   Code   RO        30058    .text.isatty        BUILD/DISCO_L475VG_IOT01A/ARMC6/mbed-os/platform/source/mbed_retarget.o
    0x08010fd4   0x00000028   Code   RO        35961    .text.lp_ticker_clear_interrupt  BUILD/DISCO_L475VG_IOT01A/ARMC6/mbed-os/targets/TARGET_STM/lp_ticker.o
    0x08010ffc   0x00000074   Code   RO        35953    .text.lp_ticker_disable_interrupt  BUILD/DISCO_L475VG_IOT01A/ARMC6/mbed-os/targets/TARGET_STM/lp_ticker.o
    0x08011070   0x00000036   Code   RO        35963    .text.lp_ticker_fire_interrupt  BUILD/DISCO_L475VG_IOT01A/ARMC6/mbed-os/targets/TARGET_STM/lp_ticker.o
    0x080110a6   0x00000004   Code   RO        35965    .text.lp_ticker_free  BUILD/DISCO_L475VG_IOT01A/ARMC6/mbed-os/targets/TARGET_STM/lp_ticker.o
    0x080110aa   0x0000000a   Code   RO        35949    .text.lp_ticker_get_info  BUILD/DISCO_L475VG_IOT01A/ARMC6/mbed-os/targets/TARGET_STM/lp_ticker.o
    0x080110b4   0x00000194   Code   RO        35951    .text.lp_ticker_init  BUILD/DISCO_L475VG_IOT01A/ARMC6/mbed-os/targets/TARGET_STM/lp_ticker.o
    0x08011248   0x00000018   Code   RO        29178    .text.lp_ticker_irq_handler  BUILD/DISCO_L475VG_IOT01A/ARMC6/mbed-os/hal/source/mbed_lp_ticker_api.o
    0x08011260   0x00000012   Code   RO        35957    .text.lp_ticker_read  BUILD/DISCO_L475VG_IOT01A/ARMC6/mbed-os/targets/TARGET_STM/lp_ticker.o
    0x08011272   0x00000002   PAD
    0x08011274   0x00000114   Code   RO        35959    .text.lp_ticker_set_interrupt  BUILD/DISCO_L475VG_IOT01A/ARMC6/mbed-os/targets/TARGET_STM/lp_ticker.o
    0x08011388   0x00000032   Code   RO        30088    .text.lseek         BUILD/DISCO_L475VG_IOT01A/ARMC6/mbed-os/platform/source/mbed_retarget.o
    0x080113ba   0x00000002   PAD
    0x080113bc   0x0000009c   Code   RO        36277    .text.main          BUILD/DISCO_L475VG_IOT01A/ARMC6/source/main.o
    0x08011458   0x0000001a   Code   RO        29760    .text.mbed_assert_internal  BUILD/DISCO_L475VG_IOT01A/ARMC6/mbed-os/platform/source/mbed_assert.o
    0x08011472   0x00000002   PAD
    0x08011474   0x00000062   Code   RO        29860    .text.mbed_die      BUILD/DISCO_L475VG_IOT01A/ARMC6/mbed-os/platform/source/mbed_board.o
    0x080114d6   0x00000002   PAD
    0x080114d8   0x00000124   Code   RO        29908    .text.mbed_error    BUILD/DISCO_L475VG_IOT01A/ARMC6/mbed-os/platform/source/mbed_error.o
    0x080115fc   0x0000006a   Code   RO        29896    .text.mbed_error_initialize  BUILD/DISCO_L475VG_IOT01A/ARMC6/mbed-os/platform/source/mbed_error.o
    0x08011666   0x00000020   Code   RO        29862    .text.mbed_error_printf  BUILD/DISCO_L475VG_IOT01A/ARMC6/mbed-os/platform/source/mbed_board.o
    0x08011686   0x00000002   PAD
    0x08011688   0x00000052   Code   RO        29866    .text.mbed_error_puts  BUILD/DISCO_L475VG_IOT01A/ARMC6/mbed-os/platform/source/mbed_board.o
    0x080116da   0x00000034   Code   RO        29864    .text.mbed_error_vprintf  BUILD/DISCO_L475VG_IOT01A/ARMC6/mbed-os/platform/source/mbed_board.o
    0x0801170e   0x00000002   PAD
    0x08011710   0x00000100   Code   RO        29743    .text.mbed_fault_handler  BUILD/DISCO_L475VG_IOT01A/ARMC6/mbed-os/platform/source/TARGET_CORTEX_M/mbed_fault_handler.o
    0x08011810   0x0000000c   Code   RO        29904    .text.mbed_get_error_in_progress  BUILD/DISCO_L475VG_IOT01A/ARMC6/mbed-os/platform/source/mbed_error.o
    0x0801181c   0x0000003e   Code   RO        29890    .text.mbed_halt_system  BUILD/DISCO_L475VG_IOT01A/ARMC6/mbed-os/platform/source/mbed_error.o
    0x0801185a   0x00000002   PAD
    0x0801185c   0x0000003c   Code   RO         1386    .text.mbed_init     BUILD/DISCO_L475VG_IOT01A/ARMC6/mbed-os/cmsis/device/rtos/source/mbed_boot.o
    0x08011898   0x000000b4   Code   RO        29279    .text.mbed_mpu_init  BUILD/DISCO_L475VG_IOT01A/ARMC6/mbed-os/hal/source/mpu/mbed_mpu_v7m.o
    0x0801194c   0x00000004   Code   RO         1402    .text.mbed_rtos_init  BUILD/DISCO_L475VG_IOT01A/ARMC6/mbed-os/cmsis/device/rtos/source/mbed_rtos_rtx.o
    0x08011950   0x0000002c   Code   RO         1406    .text.mbed_rtos_init_singleton_mutex  BUILD/DISCO_L475VG_IOT01A/ARMC6/mbed-os/cmsis/device/rtos/source/mbed_rtos_rtx.o
    0x0801197c   0x000000a8   Code   RO         1404    .text.mbed_rtos_start  BUILD/DISCO_L475VG_IOT01A/ARMC6/mbed-os/cmsis/device/rtos/source/mbed_rtos_rtx.o
    0x08011a24   0x0000003e   Code   RO        35994    .text.mbed_sdk_init  BUILD/DISCO_L475VG_IOT01A/ARMC6/mbed-os/targets/TARGET_STM/mbed_overrides.o
    0x08011a62   0x0000001e   Code   RO         1390    .text.mbed_start    BUILD/DISCO_L475VG_IOT01A/ARMC6/mbed-os/cmsis/device/rtos/source/mbed_boot.o
    0x08011a80   0x00000020   Code   RO        27010    .text.mbed_tiny_compute_crc32  BUILD/DISCO_L475VG_IOT01A/ARMC6/mbed-os/drivers/source/MbedCRC.o
    0x08011aa0   0x0000001a   Code   RO         1368    .text.mbed_toolchain_init  BUILD/DISCO_L475VG_IOT01A/ARMC6/mbed-os/cmsis/device/rtos/TOOLCHAIN_ARM_STD/mbed_boot_arm_std.o
    0x08011aba   0x0000002e   Code   RO        10373    .text.ns_list_remove_  BUILD/DISCO_L475VG_IOT01A/ARMC6/mbed-os/connectivity/libraries/nanostack-libservice/source/libList/ns_list.o
    0x08011ae8   0x00000054   Code   RO        25913    .text.nsapi_dns_add_server  BUILD/DISCO_L475VG_IOT01A/ARMC6/mbed-os/connectivity/netsocket/source/nsapi_dns.o
    0x08011b3c   0x000000be   Code   RO        30066    .text.open          BUILD/DISCO_L475VG_IOT01A/ARMC6/mbed-os/platform/source/mbed_retarget.o
    0x08011bfa   0x0000002e   Code   RO          864    .text.osDelay       BUILD/DISCO_L475VG_IOT01A/ARMC6/mbed-os/cmsis/CMSIS_5/CMSIS/RTOS2/RTX/Source/rtx_delay.o
    0x08011c28   0x0000002e   Code   RO          890    .text.osEventFlagsDelete  BUILD/DISCO_L475VG_IOT01A/ARMC6/mbed-os/cmsis/CMSIS_5/CMSIS/RTOS2/RTX/Source/rtx_evflags.o
    0x08011c56   0x00000032   Code   RO          874    .text.osEventFlagsNew  BUILD/DISCO_L475VG_IOT01A/ARMC6/mbed-os/cmsis/CMSIS_5/CMSIS/RTOS2/RTX/Source/rtx_evflags.o
    0x08011c88   0x00000056   Code   RO          878    .text.osEventFlagsSet  BUILD/DISCO_L475VG_IOT01A/ARMC6/mbed-os/cmsis/CMSIS_5/CMSIS/RTOS2/RTX/Source/rtx_evflags.o
    0x08011cde   0x0000004e   Code   RO          888    .text.osEventFlagsWait  BUILD/DISCO_L475VG_IOT01A/ARMC6/mbed-os/cmsis/CMSIS_5/CMSIS/RTOS2/RTX/Source/rtx_evflags.o
    0x08011d2c   0x00000032   Code   RO          948    .text.osKernelGetState  BUILD/DISCO_L475VG_IOT01A/ARMC6/mbed-os/cmsis/CMSIS_5/CMSIS/RTOS2/RTX/Source/rtx_kernel.o
    0x08011d5e   0x0000002a   Code   RO          964    .text.osKernelGetTickCount  BUILD/DISCO_L475VG_IOT01A/ARMC6/mbed-os/cmsis/CMSIS_5/CMSIS/RTOS2/RTX/Source/rtx_kernel.o
    0x08011d88   0x00000032   Code   RO          942    .text.osKernelInitialize  BUILD/DISCO_L475VG_IOT01A/ARMC6/mbed-os/cmsis/CMSIS_5/CMSIS/RTOS2/RTX/Source/rtx_kernel.o
    0x08011dba   0x00000026   Code   RO          962    .text.osKernelResume  BUILD/DISCO_L475VG_IOT01A/ARMC6/mbed-os/cmsis/CMSIS_5/CMSIS/RTOS2/RTX/Source/rtx_kernel.o
    0x08011de0   0x0000002e   Code   RO          952    .text.osKernelStart  BUILD/DISCO_L475VG_IOT01A/ARMC6/mbed-os/cmsis/CMSIS_5/CMSIS/RTOS2/RTX/Source/rtx_kernel.o
    0x08011e0e   0x0000002c   Code   RO          960    .text.osKernelSuspend  BUILD/DISCO_L475VG_IOT01A/ARMC6/mbed-os/cmsis/CMSIS_5/CMSIS/RTOS2/RTX/Source/rtx_kernel.o
    0x08011e3a   0x0000007c   Code   RO         1079    .text.osMessageQueueGet  BUILD/DISCO_L475VG_IOT01A/ARMC6/mbed-os/cmsis/CMSIS_5/CMSIS/RTOS2/RTX/Source/rtx_msgqueue.o
    0x08011eb6   0x00000084   Code   RO         1077    .text.osMessageQueuePut  BUILD/DISCO_L475VG_IOT01A/ARMC6/mbed-os/cmsis/CMSIS_5/CMSIS/RTOS2/RTX/Source/rtx_msgqueue.o
    0x08011f3a   0x0000002e   Code   RO         1127    .text.osMutexAcquire  BUILD/DISCO_L475VG_IOT01A/ARMC6/mbed-os/cmsis/CMSIS_5/CMSIS/RTOS2/RTX/Source/rtx_mutex.o
    0x08011f68   0x0000002e   Code   RO         1133    .text.osMutexDelete  BUILD/DISCO_L475VG_IOT01A/ARMC6/mbed-os/cmsis/CMSIS_5/CMSIS/RTOS2/RTX/Source/rtx_mutex.o
    0x08011f96   0x00000032   Code   RO         1123    .text.osMutexNew    BUILD/DISCO_L475VG_IOT01A/ARMC6/mbed-os/cmsis/CMSIS_5/CMSIS/RTOS2/RTX/Source/rtx_mutex.o
    0x08011fc8   0x0000002e   Code   RO         1129    .text.osMutexRelease  BUILD/DISCO_L475VG_IOT01A/ARMC6/mbed-os/cmsis/CMSIS_5/CMSIS/RTOS2/RTX/Source/rtx_mutex.o
    0x08011ff6   0x00000002   PAD
    0x08011ff8   0x000000fc   Code   RO         1421    .text.osRtxErrorNotify  BUILD/DISCO_L475VG_IOT01A/ARMC6/mbed-os/cmsis/device/rtos/source/mbed_rtx_handlers.o
    0x080120f4   0x00000038   Code   RO          894    .text.osRtxEventFlagsPostProcess  BUILD/DISCO_L475VG_IOT01A/ARMC6/mbed-os/cmsis/CMSIS_5/CMSIS/RTOS2/RTX/Source/rtx_evflags.o
    0x0801212c   0x00000004   Code   RO         1419    .text.osRtxIdleThread  BUILD/DISCO_L475VG_IOT01A/ARMC6/mbed-os/cmsis/device/rtos/source/mbed_rtx_handlers.o
    0x08012130   0x00000016   Code   RO          940    .text.osRtxKernelErrorNotify  BUILD/DISCO_L475VG_IOT01A/ARMC6/mbed-os/cmsis/CMSIS_5/CMSIS/RTOS2/RTX/Source/rtx_kernel.o
    0x08012146   0x00000002   PAD
    0x08012148   0x00000086   Code   RO         1017    .text.osRtxMemoryAlloc  BUILD/DISCO_L475VG_IOT01A/ARMC6/mbed-os/cmsis/CMSIS_5/CMSIS/RTOS2/RTX/Source/rtx_memory.o
    0x080121ce   0x00000002   PAD
    0x080121d0   0x0000004e   Code   RO         1019    .text.osRtxMemoryFree  BUILD/DISCO_L475VG_IOT01A/ARMC6/mbed-os/cmsis/CMSIS_5/CMSIS/RTOS2/RTX/Source/rtx_memory.o
    0x0801221e   0x00000038   Code   RO         1015    .text.osRtxMemoryInit  BUILD/DISCO_L475VG_IOT01A/ARMC6/mbed-os/cmsis/CMSIS_5/CMSIS/RTOS2/RTX/Source/rtx_memory.o
    0x08012256   0x0000003a   Code   RO         1025    .text.osRtxMemoryPoolAlloc  BUILD/DISCO_L475VG_IOT01A/ARMC6/mbed-os/cmsis/CMSIS_5/CMSIS/RTOS2/RTX/Source/rtx_mempool.o
    0x08012290   0x0000004a   Code   RO         1027    .text.osRtxMemoryPoolFree  BUILD/DISCO_L475VG_IOT01A/ARMC6/mbed-os/cmsis/CMSIS_5/CMSIS/RTOS2/RTX/Source/rtx_mempool.o
    0x080122da   0x00000002   PAD
    0x080122dc   0x00000052   Code   RO         1023    .text.osRtxMemoryPoolInit  BUILD/DISCO_L475VG_IOT01A/ARMC6/mbed-os/cmsis/CMSIS_5/CMSIS/RTOS2/RTX/Source/rtx_mempool.o
    0x0801232e   0x000000d6   Code   RO         1101    .text.osRtxMessageQueuePostProcess  BUILD/DISCO_L475VG_IOT01A/ARMC6/mbed-os/cmsis/CMSIS_5/CMSIS/RTOS2/RTX/Source/rtx_msgqueue.o
    0x08012404   0x0000002c   Code   RO         1069    .text.osRtxMessageQueueTimerSetup  BUILD/DISCO_L475VG_IOT01A/ARMC6/mbed-os/cmsis/CMSIS_5/CMSIS/RTOS2/RTX/Source/rtx_msgqueue.o
    0x08012430   0x0000004a   Code   RO         1119    .text.osRtxMutexOwnerRelease  BUILD/DISCO_L475VG_IOT01A/ARMC6/mbed-os/cmsis/CMSIS_5/CMSIS/RTOS2/RTX/Source/rtx_mutex.o
    0x0801247a   0x00000002   PAD
    0x0801247c   0x00000050   Code   RO         1121    .text.osRtxMutexOwnerRestore  BUILD/DISCO_L475VG_IOT01A/ARMC6/mbed-os/cmsis/CMSIS_5/CMSIS/RTOS2/RTX/Source/rtx_mutex.o
    0x080124cc   0x000000a4   Code   RO         1179    .text.osRtxPendSV_Handler  BUILD/DISCO_L475VG_IOT01A/ARMC6/mbed-os/cmsis/CMSIS_5/CMSIS/RTOS2/RTX/Source/rtx_system.o
    0x08012570   0x00000076   Code   RO         1181    .text.osRtxPostProcess  BUILD/DISCO_L475VG_IOT01A/ARMC6/mbed-os/cmsis/CMSIS_5/CMSIS/RTOS2/RTX/Source/rtx_system.o
    0x080125e6   0x00000036   Code   RO         1165    .text.osRtxSemaphorePostProcess  BUILD/DISCO_L475VG_IOT01A/ARMC6/mbed-os/cmsis/CMSIS_5/CMSIS/RTOS2/RTX/Source/rtx_semaphore.o
    0x0801261c   0x000000a2   Code   RO         1209    .text.osRtxThreadDelayInsert  BUILD/DISCO_L475VG_IOT01A/ARMC6/mbed-os/cmsis/CMSIS_5/CMSIS/RTOS2/RTX/Source/rtx_thread.o
    0x080126be   0x00000046   Code   RO         1205    .text.osRtxThreadDelayRemove  BUILD/DISCO_L475VG_IOT01A/ARMC6/mbed-os/cmsis/CMSIS_5/CMSIS/RTOS2/RTX/Source/rtx_thread.o
    0x08012704   0x000000a2   Code   RO         1195    .text.osRtxThreadDelayTick  BUILD/DISCO_L475VG_IOT01A/ARMC6/mbed-os/cmsis/CMSIS_5/CMSIS/RTOS2/RTX/Source/rtx_thread.o
    0x080127a6   0x00000026   Code   RO         1291    .text.osRtxThreadDestroy  BUILD/DISCO_L475VG_IOT01A/ARMC6/mbed-os/cmsis/CMSIS_5/CMSIS/RTOS2/RTX/Source/rtx_thread.o
    0x080127cc   0x000000f8   Code   RO         1201    .text.osRtxThreadDispatch  BUILD/DISCO_L475VG_IOT01A/ARMC6/mbed-os/cmsis/CMSIS_5/CMSIS/RTOS2/RTX/Source/rtx_thread.o
    0x080128c4   0x00000064   Code   RO         1283    .text.osRtxThreadFree  BUILD/DISCO_L475VG_IOT01A/ARMC6/mbed-os/cmsis/CMSIS_5/CMSIS/RTOS2/RTX/Source/rtx_thread.o
    0x08012928   0x00000020   Code   RO         1289    .text.osRtxThreadJoinWakeup  BUILD/DISCO_L475VG_IOT01A/ARMC6/mbed-os/cmsis/CMSIS_5/CMSIS/RTOS2/RTX/Source/rtx_thread.o
    0x08012948   0x00000012   Code   RO         1187    .text.osRtxThreadListGet  BUILD/DISCO_L475VG_IOT01A/ARMC6/mbed-os/cmsis/CMSIS_5/CMSIS/RTOS2/RTX/Source/rtx_thread.o
    0x0801295a   0x00000002   PAD
    0x0801295c   0x0000002a   Code   RO         1185    .text.osRtxThreadListPut  BUILD/DISCO_L475VG_IOT01A/ARMC6/mbed-os/cmsis/CMSIS_5/CMSIS/RTOS2/RTX/Source/rtx_thread.o
    0x08012986   0x00000014   Code   RO         1191    .text.osRtxThreadListRemove  BUILD/DISCO_L475VG_IOT01A/ARMC6/mbed-os/cmsis/CMSIS_5/CMSIS/RTOS2/RTX/Source/rtx_thread.o
    0x0801299a   0x00000002   PAD
    0x0801299c   0x00000046   Code   RO         1189    .text.osRtxThreadListSort  BUILD/DISCO_L475VG_IOT01A/ARMC6/mbed-os/cmsis/CMSIS_5/CMSIS/RTOS2/RTX/Source/rtx_thread.o
    0x080129e2   0x0000002a   Code   RO         1259    .text.osRtxThreadPostProcess  BUILD/DISCO_L475VG_IOT01A/ARMC6/mbed-os/cmsis/CMSIS_5/CMSIS/RTOS2/RTX/Source/rtx_thread.o
    0x08012a0c   0x0000003a   Code   RO         1193    .text.osRtxThreadReadyPut  BUILD/DISCO_L475VG_IOT01A/ARMC6/mbed-os/cmsis/CMSIS_5/CMSIS/RTOS2/RTX/Source/rtx_thread.o
    0x08012a46   0x00000014   Code   RO         1197    .text.osRtxThreadRegPtr  BUILD/DISCO_L475VG_IOT01A/ARMC6/mbed-os/cmsis/CMSIS_5/CMSIS/RTOS2/RTX/Source/rtx_thread.o
    0x08012a5a   0x00000048   Code   RO         1211    .text.osRtxThreadStartup  BUILD/DISCO_L475VG_IOT01A/ARMC6/mbed-os/cmsis/CMSIS_5/CMSIS/RTOS2/RTX/Source/rtx_thread.o
    0x08012aa2   0x00000010   Code   RO         1199    .text.osRtxThreadSwitch  BUILD/DISCO_L475VG_IOT01A/ARMC6/mbed-os/cmsis/CMSIS_5/CMSIS/RTOS2/RTX/Source/rtx_thread.o
    0x08012ab2   0x00000048   Code   RO         1207    .text.osRtxThreadWaitEnter  BUILD/DISCO_L475VG_IOT01A/ARMC6/mbed-os/cmsis/CMSIS_5/CMSIS/RTOS2/RTX/Source/rtx_thread.o
    0x08012afa   0x00000002   PAD
    0x08012afc   0x00000062   Code   RO         1203    .text.osRtxThreadWaitExit  BUILD/DISCO_L475VG_IOT01A/ARMC6/mbed-os/cmsis/CMSIS_5/CMSIS/RTOS2/RTX/Source/rtx_thread.o
    0x08012b5e   0x0000007a   Code   RO         1177    .text.osRtxTick_Handler  BUILD/DISCO_L475VG_IOT01A/ARMC6/mbed-os/cmsis/CMSIS_5/CMSIS/RTOS2/RTX/Source/rtx_system.o
    0x08012bd8   0x00000024   Code   RO         1309    .text.osRtxTimerSetup  BUILD/DISCO_L475VG_IOT01A/ARMC6/mbed-os/cmsis/CMSIS_5/CMSIS/RTOS2/RTX/Source/rtx_timer.o
    0x08012bfc   0x00000022   Code   RO         1313    .text.osRtxTimerThread  BUILD/DISCO_L475VG_IOT01A/ARMC6/mbed-os/cmsis/CMSIS_5/CMSIS/RTOS2/RTX/Source/rtx_timer.o
    0x08012c1e   0x00000002   PAD
    0x08012c20   0x00000078   Code   RO         1311    .text.osRtxTimerTick  BUILD/DISCO_L475VG_IOT01A/ARMC6/mbed-os/cmsis/CMSIS_5/CMSIS/RTOS2/RTX/Source/rtx_timer.o
    0x08012c98   0x0000002e   Code   RO         1161    .text.osSemaphoreDelete  BUILD/DISCO_L475VG_IOT01A/ARMC6/mbed-os/cmsis/CMSIS_5/CMSIS/RTOS2/RTX/Source/rtx_semaphore.o
    0x08012cc6   0x00000032   Code   RO         1149    .text.osSemaphoreNew  BUILD/DISCO_L475VG_IOT01A/ARMC6/mbed-os/cmsis/CMSIS_5/CMSIS/RTOS2/RTX/Source/rtx_semaphore.o
    0x08012cf8   0x00000076   Code   RO         1155    .text.osSemaphoreRelease  BUILD/DISCO_L475VG_IOT01A/ARMC6/mbed-os/cmsis/CMSIS_5/CMSIS/RTOS2/RTX/Source/rtx_semaphore.o
    0x08012d6e   0x00000002   PAD
    0x08012d70   0x0000001a   Code   RO         1243    .text.osThreadExit  BUILD/DISCO_L475VG_IOT01A/ARMC6/mbed-os/cmsis/CMSIS_5/CMSIS/RTOS2/RTX/Source/rtx_thread.o
    0x08012d8a   0x0000002a   Code   RO         1219    .text.osThreadGetId  BUILD/DISCO_L475VG_IOT01A/ARMC6/mbed-os/cmsis/CMSIS_5/CMSIS/RTOS2/RTX/Source/rtx_thread.o
    0x08012db4   0x00000032   Code   RO         1215    .text.osThreadNew   BUILD/DISCO_L475VG_IOT01A/ARMC6/mbed-os/cmsis/CMSIS_5/CMSIS/RTOS2/RTX/Source/rtx_thread.o
    0x08012de6   0x00000038   Code   RO         1245    .text.osThreadTerminate  BUILD/DISCO_L475VG_IOT01A/ARMC6/mbed-os/cmsis/CMSIS_5/CMSIS/RTOS2/RTX/Source/rtx_thread.o
    0x08012e1e   0x00000002   PAD
    0x08012e20   0x0000013c   Code   RO        36000    .text.pin_function  BUILD/DISCO_L475VG_IOT01A/ARMC6/mbed-os/targets/TARGET_STM/pinmap.o
    0x08012f5c   0x00000088   Code   RO        36002    .text.pin_mode      BUILD/DISCO_L475VG_IOT01A/ARMC6/mbed-os/targets/TARGET_STM/pinmap.o
    0x08012fe4   0x00000026   Code   RO        29195    .text.pinmap_find_function  BUILD/DISCO_L475VG_IOT01A/ARMC6/mbed-os/hal/source/mbed_pinmap_common.o
    0x0801300a   0x00000002   PAD
    0x0801300c   0x00000044   Code   RO        29189    .text.pinmap_merge  BUILD/DISCO_L475VG_IOT01A/ARMC6/mbed-os/hal/source/mbed_pinmap_common.o
    0x08013050   0x00000078   Code   RO        29193    .text.pinmap_peripheral  BUILD/DISCO_L475VG_IOT01A/ARMC6/mbed-os/hal/source/mbed_pinmap_common.o
    0x080130c8   0x00000170   Code   RO        29745    .text.print_context_info  BUILD/DISCO_L475VG_IOT01A/ARMC6/mbed-os/platform/source/TARGET_CORTEX_M/mbed_fault_handler.o
    0x08013238   0x000001f0   Code   RO        29888    .text.print_error_report  BUILD/DISCO_L475VG_IOT01A/ARMC6/mbed-os/platform/source/mbed_error.o
    0x08013428   0x00000038   Code   RO        36245    .text.restore_timer_ctx  BUILD/DISCO_L475VG_IOT01A/ARMC6/mbed-os/targets/TARGET_STM/us_ticker.o
    0x08013460   0x0000000e   Code   RO         1473    .text.rtos_idle_loop  BUILD/DISCO_L475VG_IOT01A/ARMC6/mbed-os/cmsis/device/rtos/source/mbed_rtx_idle.o
    0x0801346e   0x00000038   Code   RO        36243    .text.save_timer_ctx  BUILD/DISCO_L475VG_IOT01A/ARMC6/mbed-os/targets/TARGET_STM/us_ticker.o
    0x080134a6   0x00000002   PAD
    0x080134a8   0x0000013c   Code   RO        29241    .text.schedule_interrupt  BUILD/DISCO_L475VG_IOT01A/ARMC6/mbed-os/hal/source/mbed_ticker_api.o
    0x080135e4   0x0000008e   Code   RO        36118    .text.serial_baud   BUILD/DISCO_L475VG_IOT01A/ARMC6/mbed-os/targets/TARGET_STM/serial_api.o
    0x08013672   0x00000002   PAD
    0x08013674   0x00000072   Code   RO        35592    .text.serial_getc   BUILD/DISCO_L475VG_IOT01A/ARMC6/mbed-os/targets/TARGET_STM/TARGET_STM32L4/serial_device.o
    0x080136e6   0x00000002   PAD
    0x080136e8   0x000001d0   Code   RO        36108    .text.serial_init_direct  BUILD/DISCO_L475VG_IOT01A/ARMC6/mbed-os/targets/TARGET_STM/serial_api.o
    0x080138b8   0x00000092   Code   RO        36140    .text.serial_is_tx_ongoing  BUILD/DISCO_L475VG_IOT01A/ARMC6/mbed-os/targets/TARGET_STM/serial_api.o
    0x0801394a   0x00000002   PAD
    0x0801394c   0x0000002a   Code   RO        35594    .text.serial_putc   BUILD/DISCO_L475VG_IOT01A/ARMC6/mbed-os/targets/TARGET_STM/TARGET_STM32L4/serial_device.o
    0x08013976   0x00000024   Code   RO        36132    .text.serial_readable  BUILD/DISCO_L475VG_IOT01A/ARMC6/mbed-os/targets/TARGET_STM/serial_api.o
    0x0801399a   0x0000001a   Code   RO        36134    .text.serial_writable  BUILD/DISCO_L475VG_IOT01A/ARMC6/mbed-os/targets/TARGET_STM/serial_api.o
    0x080139b4   0x00000060   Code   RO        30017    .text.sleep_manager_lock_deep_sleep_internal  BUILD/DISCO_L475VG_IOT01A/ARMC6/mbed-os/platform/source/mbed_power_mgmt.o
    0x08013a14   0x00000024   Code   RO        30025    .text.sleep_manager_sleep_auto  BUILD/DISCO_L475VG_IOT01A/ARMC6/mbed-os/platform/source/mbed_power_mgmt.o
    0x08013a38   0x00000064   Code   RO        30019    .text.sleep_manager_unlock_deep_sleep_internal  BUILD/DISCO_L475VG_IOT01A/ARMC6/mbed-os/platform/source/mbed_power_mgmt.o
    0x08013a9c   0x000000a8   Code   RO        36167    .text.spi_format    BUILD/DISCO_L475VG_IOT01A/ARMC6/mbed-os/targets/TARGET_STM/stm_spi_api.o
    0x08013b44   0x00000054   Code   RO        36173    .text.spi_frequency  BUILD/DISCO_L475VG_IOT01A/ARMC6/mbed-os/targets/TARGET_STM/stm_spi_api.o
    0x08013b98   0x00000048   Code   RO        36171    .text.spi_get_baudrate  BUILD/DISCO_L475VG_IOT01A/ARMC6/mbed-os/targets/TARGET_STM/stm_spi_api.o
    0x08013be0   0x0000005c   Code   RO        35630    .text.spi_get_clock_freq  BUILD/DISCO_L475VG_IOT01A/ARMC6/mbed-os/targets/TARGET_STM/TARGET_STM32L4/spi_api.o
    0x08013c3c   0x00000060   Code   RO        36159    .text.spi_get_peripheral_name  BUILD/DISCO_L475VG_IOT01A/ARMC6/mbed-os/targets/TARGET_STM/stm_spi_api.o
    0x08013c9c   0x000000dc   Code   RO        36163    .text.spi_init      BUILD/DISCO_L475VG_IOT01A/ARMC6/mbed-os/targets/TARGET_STM/stm_spi_api.o
    0x08013d78   0x000001c8   Code   RO        36161    .text.spi_init_direct  BUILD/DISCO_L475VG_IOT01A/ARMC6/mbed-os/targets/TARGET_STM/stm_spi_api.o
    0x08013f40   0x00000184   Code   RO        36179    .text.spi_master_block_write  BUILD/DISCO_L475VG_IOT01A/ARMC6/mbed-os/targets/TARGET_STM/stm_spi_api.o
    0x080140c4   0x0000012a   Code   RO        36177    .text.spi_master_one_wire_transfer  BUILD/DISCO_L475VG_IOT01A/ARMC6/mbed-os/targets/TARGET_STM/stm_spi_api.o
    0x080141ee   0x00000002   PAD
    0x080141f0   0x000000a6   Code   RO        36175    .text.spi_master_write  BUILD/DISCO_L475VG_IOT01A/ARMC6/mbed-os/targets/TARGET_STM/stm_spi_api.o
    0x08014296   0x00000002   PAD
    0x08014298   0x00000080   Code   RO        10387    .text.stoip4        BUILD/DISCO_L475VG_IOT01A/ARMC6/mbed-os/connectivity/libraries/nanostack-libservice/source/libip4string/stoip4.o
    0x08014318   0x0000013a   Code   RO        10397    .text.stoip6        BUILD/DISCO_L475VG_IOT01A/ARMC6/mbed-os/connectivity/libraries/nanostack-libservice/source/libip6string/stoip6.o
    0x08014452   0x00000026   Code   RO          868    .text.svcRtxDelay   BUILD/DISCO_L475VG_IOT01A/ARMC6/mbed-os/cmsis/CMSIS_5/CMSIS/RTOS2/RTX/Source/rtx_delay.o
    0x08014478   0x0000006c   Code   RO          904    .text.svcRtxEventFlagsDelete  BUILD/DISCO_L475VG_IOT01A/ARMC6/mbed-os/cmsis/CMSIS_5/CMSIS/RTOS2/RTX/Source/rtx_evflags.o
    0x080144e4   0x00000080   Code   RO          892    .text.svcRtxEventFlagsNew  BUILD/DISCO_L475VG_IOT01A/ARMC6/mbed-os/cmsis/CMSIS_5/CMSIS/RTOS2/RTX/Source/rtx_evflags.o
    0x08014564   0x00000088   Code   RO          900    .text.svcRtxEventFlagsSet  BUILD/DISCO_L475VG_IOT01A/ARMC6/mbed-os/cmsis/CMSIS_5/CMSIS/RTOS2/RTX/Source/rtx_evflags.o
    0x080145ec   0x00000068   Code   RO          902    .text.svcRtxEventFlagsWait  BUILD/DISCO_L475VG_IOT01A/ARMC6/mbed-os/cmsis/CMSIS_5/CMSIS/RTOS2/RTX/Source/rtx_evflags.o
    0x08014654   0x0000000c   Code   RO          950    .text.svcRtxKernelGetState  BUILD/DISCO_L475VG_IOT01A/ARMC6/mbed-os/cmsis/CMSIS_5/CMSIS/RTOS2/RTX/Source/rtx_kernel.o
    0x08014660   0x0000000c   Code   RO          966    .text.svcRtxKernelGetTickCount  BUILD/DISCO_L475VG_IOT01A/ARMC6/mbed-os/cmsis/CMSIS_5/CMSIS/RTOS2/RTX/Source/rtx_kernel.o
    0x0801466c   0x00000148   Code   RO          980    .text.svcRtxKernelInitialize  BUILD/DISCO_L475VG_IOT01A/ARMC6/mbed-os/cmsis/CMSIS_5/CMSIS/RTOS2/RTX/Source/rtx_kernel.o
    0x080147b4   0x00000092   Code   RO          992    .text.svcRtxKernelResume  BUILD/DISCO_L475VG_IOT01A/ARMC6/mbed-os/cmsis/CMSIS_5/CMSIS/RTOS2/RTX/Source/rtx_kernel.o
    0x08014846   0x000000a8   Code   RO          982    .text.svcRtxKernelStart  BUILD/DISCO_L475VG_IOT01A/ARMC6/mbed-os/cmsis/CMSIS_5/CMSIS/RTOS2/RTX/Source/rtx_kernel.o
    0x080148ee   0x00000060   Code   RO          990    .text.svcRtxKernelSuspend  BUILD/DISCO_L475VG_IOT01A/ARMC6/mbed-os/cmsis/CMSIS_5/CMSIS/RTOS2/RTX/Source/rtx_kernel.o
    0x0801494e   0x000000f6   Code   RO         1111    .text.svcRtxMessageQueueGet  BUILD/DISCO_L475VG_IOT01A/ARMC6/mbed-os/cmsis/CMSIS_5/CMSIS/RTOS2/RTX/Source/rtx_msgqueue.o
    0x08014a44   0x00000150   Code   RO         1071    .text.svcRtxMessageQueueNew  BUILD/DISCO_L475VG_IOT01A/ARMC6/mbed-os/cmsis/CMSIS_5/CMSIS/RTOS2/RTX/Source/rtx_msgqueue.o
    0x08014b94   0x000000c0   Code   RO         1107    .text.svcRtxMessageQueuePut  BUILD/DISCO_L475VG_IOT01A/ARMC6/mbed-os/cmsis/CMSIS_5/CMSIS/RTOS2/RTX/Source/rtx_msgqueue.o
    0x08014c54   0x000000b0   Code   RO         1139    .text.svcRtxMutexAcquire  BUILD/DISCO_L475VG_IOT01A/ARMC6/mbed-os/cmsis/CMSIS_5/CMSIS/RTOS2/RTX/Source/rtx_mutex.o
    0x08014d04   0x000000b6   Code   RO         1145    .text.svcRtxMutexDelete  BUILD/DISCO_L475VG_IOT01A/ARMC6/mbed-os/cmsis/CMSIS_5/CMSIS/RTOS2/RTX/Source/rtx_mutex.o
    0x08014dba   0x00000078   Code   RO         1135    .text.svcRtxMutexNew  BUILD/DISCO_L475VG_IOT01A/ARMC6/mbed-os/cmsis/CMSIS_5/CMSIS/RTOS2/RTX/Source/rtx_mutex.o
    0x08014e32   0x00000002   PAD
    0x08014e34   0x000000d2   Code   RO         1141    .text.svcRtxMutexRelease  BUILD/DISCO_L475VG_IOT01A/ARMC6/mbed-os/cmsis/CMSIS_5/CMSIS/RTOS2/RTX/Source/rtx_mutex.o
    0x08014f06   0x00000002   PAD
    0x08014f08   0x0000006c   Code   RO         1173    .text.svcRtxSemaphoreDelete  BUILD/DISCO_L475VG_IOT01A/ARMC6/mbed-os/cmsis/CMSIS_5/CMSIS/RTOS2/RTX/Source/rtx_semaphore.o
    0x08014f74   0x000000a0   Code   RO         1163    .text.svcRtxSemaphoreNew  BUILD/DISCO_L475VG_IOT01A/ARMC6/mbed-os/cmsis/CMSIS_5/CMSIS/RTOS2/RTX/Source/rtx_semaphore.o
    0x08015014   0x00000066   Code   RO         1171    .text.svcRtxSemaphoreRelease  BUILD/DISCO_L475VG_IOT01A/ARMC6/mbed-os/cmsis/CMSIS_5/CMSIS/RTOS2/RTX/Source/rtx_semaphore.o
    0x0801507a   0x00000052   Code   RO         1287    .text.svcRtxThreadExit  BUILD/DISCO_L475VG_IOT01A/ARMC6/mbed-os/cmsis/CMSIS_5/CMSIS/RTOS2/RTX/Source/rtx_thread.o
    0x080150cc   0x0000000c   Code   RO         1221    .text.svcRtxThreadGetId  BUILD/DISCO_L475VG_IOT01A/ARMC6/mbed-os/cmsis/CMSIS_5/CMSIS/RTOS2/RTX/Source/rtx_thread.o
    0x080150d8   0x00000220   Code   RO         1213    .text.svcRtxThreadNew  BUILD/DISCO_L475VG_IOT01A/ARMC6/mbed-os/cmsis/CMSIS_5/CMSIS/RTOS2/RTX/Source/rtx_thread.o
    0x080152f8   0x000000c6   Code   RO         1293    .text.svcRtxThreadTerminate  BUILD/DISCO_L475VG_IOT01A/ARMC6/mbed-os/cmsis/CMSIS_5/CMSIS/RTOS2/RTX/Source/rtx_thread.o
    0x080153be   0x00000004   Code   RO        29910    .text.system_reset  BUILD/DISCO_L475VG_IOT01A/ARMC6/mbed-os/platform/source/mbed_error.o
    0x080153c2   0x00000032   Code   RO        29247    .text.ticker_insert_event_us  BUILD/DISCO_L475VG_IOT01A/ARMC6/mbed-os/hal/source/mbed_ticker_api.o
    0x080153f4   0x00000062   Code   RO        29237    .text.ticker_irq_handler  BUILD/DISCO_L475VG_IOT01A/ARMC6/mbed-os/hal/source/mbed_ticker_api.o
    0x08015456   0x00000022   Code   RO        29253    .text.ticker_read_us  BUILD/DISCO_L475VG_IOT01A/ARMC6/mbed-os/hal/source/mbed_ticker_api.o
    0x08015478   0x00000036   Code   RO        29249    .text.ticker_remove_event  BUILD/DISCO_L475VG_IOT01A/ARMC6/mbed-os/hal/source/mbed_ticker_api.o
    0x080154ae   0x0000001a   Code   RO        29233    .text.ticker_set_handler  BUILD/DISCO_L475VG_IOT01A/ARMC6/mbed-os/hal/source/mbed_ticker_api.o
    0x080154c8   0x0000002a   Code   RO        36227    .text.timer_irq_handler  BUILD/DISCO_L475VG_IOT01A/ARMC6/mbed-os/targets/TARGET_STM/us_ticker.o
    0x080154f2   0x0000002a   Code   RO         1425    .text.trap_rtx_error  BUILD/DISCO_L475VG_IOT01A/ARMC6/mbed-os/cmsis/device/rtos/source/mbed_rtx_handlers.o
    0x0801551c   0x00000086   Code   RO        29239    .text.update_present_time  BUILD/DISCO_L475VG_IOT01A/ARMC6/mbed-os/hal/source/mbed_ticker_api.o
    0x080155a2   0x00000012   Code   RO        36241    .text.us_ticker_clear_interrupt  BUILD/DISCO_L475VG_IOT01A/ARMC6/mbed-os/targets/TARGET_STM/us_ticker.o
    0x080155b4   0x00000014   Code   RO        36239    .text.us_ticker_disable_interrupt  BUILD/DISCO_L475VG_IOT01A/ARMC6/mbed-os/targets/TARGET_STM/us_ticker.o
    0x080155c8   0x00000022   Code   RO        36237    .text.us_ticker_fire_interrupt  BUILD/DISCO_L475VG_IOT01A/ARMC6/mbed-os/targets/TARGET_STM/us_ticker.o
    0x080155ea   0x0000000a   Code   RO        36225    .text.us_ticker_get_info  BUILD/DISCO_L475VG_IOT01A/ARMC6/mbed-os/targets/TARGET_STM/us_ticker.o
    0x080155f4   0x00000018   Code   RO        36231    .text.us_ticker_init  BUILD/DISCO_L475VG_IOT01A/ARMC6/mbed-os/targets/TARGET_STM/us_ticker.o
    0x0801560c   0x00000018   Code   RO        29269    .text.us_ticker_irq_handler  BUILD/DISCO_L475VG_IOT01A/ARMC6/mbed-os/hal/source/mbed_us_ticker_api.o
    0x08015624   0x0000000c   Code   RO        36233    .text.us_ticker_read  BUILD/DISCO_L475VG_IOT01A/ARMC6/mbed-os/targets/TARGET_STM/us_ticker.o
    0x08015630   0x0000001c   Code   RO        36235    .text.us_ticker_set_interrupt  BUILD/DISCO_L475VG_IOT01A/ARMC6/mbed-os/targets/TARGET_STM/us_ticker.o
    0x0801564c   0x00000034   Code   RO        30281    .text.wait_ns       BUILD/DISCO_L475VG_IOT01A/ARMC6/mbed-os/platform/source/mbed_wait_api_no_rtos.o
    0x08015680   0x00000032   Code   RO        30074    .text.write         BUILD/DISCO_L475VG_IOT01A/ARMC6/mbed-os/platform/source/mbed_retarget.o
    0x080156b2   0x0000003e   Code   RO        37351    CL$$btod_d2e        c:\Users\Jay\AppData\Local\Mbed Studio\mbed-studio-tools\ac6\bin\..\lib\armlib\c_w.l(btod.o)
    0x080156f0   0x00000046   Code   RO        37353    CL$$btod_d2e_denorm_low  c:\Users\Jay\AppData\Local\Mbed Studio\mbed-studio-tools\ac6\bin\..\lib\armlib\c_w.l(btod.o)
    0x08015736   0x00000060   Code   RO        37352    CL$$btod_d2e_norm_op1  c:\Users\Jay\AppData\Local\Mbed Studio\mbed-studio-tools\ac6\bin\..\lib\armlib\c_w.l(btod.o)
    0x08015796   0x00000002   PAD
    0x08015798   0x00000338   Code   RO        37361    CL$$btod_div_common  c:\Users\Jay\AppData\Local\Mbed Studio\mbed-studio-tools\ac6\bin\..\lib\armlib\c_w.l(btod.o)
    0x08015ad0   0x00000084   Code   RO        37359    CL$$btod_e2d        c:\Users\Jay\AppData\Local\Mbed Studio\mbed-studio-tools\ac6\bin\..\lib\armlib\c_w.l(btod.o)
    0x08015b54   0x000000dc   Code   RO        37358    CL$$btod_e2e        c:\Users\Jay\AppData\Local\Mbed Studio\mbed-studio-tools\ac6\bin\..\lib\armlib\c_w.l(btod.o)
    0x08015c30   0x0000002a   Code   RO        37355    CL$$btod_ediv       c:\Users\Jay\AppData\Local\Mbed Studio\mbed-studio-tools\ac6\bin\..\lib\armlib\c_w.l(btod.o)
    0x08015c5a   0x0000002a   Code   RO        37357    CL$$btod_edivd      c:\Users\Jay\AppData\Local\Mbed Studio\mbed-studio-tools\ac6\bin\..\lib\armlib\c_w.l(btod.o)
    0x08015c84   0x0000002a   Code   RO        37354    CL$$btod_emul       c:\Users\Jay\AppData\Local\Mbed Studio\mbed-studio-tools\ac6\bin\..\lib\armlib\c_w.l(btod.o)
    0x08015cae   0x0000002a   Code   RO        37356    CL$$btod_emuld      c:\Users\Jay\AppData\Local\Mbed Studio\mbed-studio-tools\ac6\bin\..\lib\armlib\c_w.l(btod.o)
    0x08015cd8   0x00000244   Code   RO        37360    CL$$btod_mult_common  c:\Users\Jay\AppData\Local\Mbed Studio\mbed-studio-tools\ac6\bin\..\lib\armlib\c_w.l(btod.o)
    0x08015f1c   0x00000030   Code   RO        37485    i.__ARM_fpclassify  c:\Users\Jay\AppData\Local\Mbed Studio\mbed-studio-tools\ac6\bin\..\lib\armlib\m_wm.l(fpclassify.o)
    0x08015f4c   0x00000004   PAD
    0x08015f50   0x000000f8   Code   RO        37526    i.__hardfp___mathlib_tofloat  c:\Users\Jay\AppData\Local\Mbed Studio\mbed-studio-tools\ac6\bin\..\lib\armlib\m_wm.l(narrow.o)
    0x08016048   0x000000d0   Code   RO        37564    i.__hardfp_ldexp    c:\Users\Jay\AppData\Local\Mbed Studio\mbed-studio-tools\ac6\bin\..\lib\armlib\m_wm.l(ldexp.o)
    0x08016118   0x0000007a   Code   RO        36758    i.__hardfp_sqrt     c:\Users\Jay\AppData\Local\Mbed Studio\mbed-studio-tools\ac6\bin\..\lib\armlib\m_wm.l(sqrt.o)
    0x08016192   0x00000006   PAD
    0x08016198   0x00000020   Code   RO        37588    i.__mathlib_dbl_overflow  c:\Users\Jay\AppData\Local\Mbed Studio\mbed-studio-tools\ac6\bin\..\lib\armlib\m_wm.l(dunder.o)
    0x080161b8   0x00000020   Code   RO        37590    i.__mathlib_dbl_underflow  c:\Users\Jay\AppData\Local\Mbed Studio\mbed-studio-tools\ac6\bin\..\lib\armlib\m_wm.l(dunder.o)
    0x080161d8   0x00000012   Code   RO        37527    i.__mathlib_narrow  c:\Users\Jay\AppData\Local\Mbed Studio\mbed-studio-tools\ac6\bin\..\lib\armlib\m_wm.l(narrow.o)
    0x080161ea   0x00000014   Code   RO        37566    i.__support_ldexp   c:\Users\Jay\AppData\Local\Mbed Studio\mbed-studio-tools\ac6\bin\..\lib\armlib\m_wm.l(ldexp.o)
    0x080161fe   0x0000000e   Code   RO        36459    i._is_digit         c:\Users\Jay\AppData\Local\Mbed Studio\mbed-studio-tools\ac6\bin\..\lib\armlib\c_w.l(__printf_wp.o)
    0x0801620c   0x0000001a   Code   RO        36506    i.fputc             c:\Users\Jay\AppData\Local\Mbed Studio\mbed-studio-tools\ac6\bin\..\lib\armlib\c_w.l(fputc.o)
    0x08016226   0x00000002   PAD
    0x08016228   0x0000008c   Code   RO        37556    i.frexp             c:\Users\Jay\AppData\Local\Mbed Studio\mbed-studio-tools\ac6\bin\..\lib\armlib\m_wm.l(frexp.o)
    0x080162b4   0x0000002c   Code   RO        36895    locale$$code        c:\Users\Jay\AppData\Local\Mbed Studio\mbed-studio-tools\ac6\bin\..\lib\armlib\c_w.l(lc_ctype_c.o)
    0x080162e0   0x0000002c   Code   RO        37402    locale$$code        c:\Users\Jay\AppData\Local\Mbed Studio\mbed-studio-tools\ac6\bin\..\lib\armlib\c_w.l(lc_numeric_c.o)
    0x0801630c   0x00000062   Code   RO        37550    x$fpl$d2f           c:\Users\Jay\AppData\Local\Mbed Studio\mbed-studio-tools\ac6\bin\..\lib\armlib\fz_wm.l(d2f.o)
    0x0801636e   0x00000002   PAD
    0x08016370   0x00000150   Code   RO        36619    x$fpl$dadd          c:\Users\Jay\AppData\Local\Mbed Studio\mbed-studio-tools\ac6\bin\..\lib\armlib\fz_wm.l(daddsub_clz.o)
    0x080164c0   0x00000010   Code   RO        37598    x$fpl$dcheck1       c:\Users\Jay\AppData\Local\Mbed Studio\mbed-studio-tools\ac6\bin\..\lib\armlib\fz_wm.l(dcheck1.o)
    0x080164d0   0x00000018   Code   RO        37440    x$fpl$dcmpinf       c:\Users\Jay\AppData\Local\Mbed Studio\mbed-studio-tools\ac6\bin\..\lib\armlib\fz_wm.l(dcmpi.o)
    0x080164e8   0x00000078   Code   RO        36964    x$fpl$deqf          c:\Users\Jay\AppData\Local\Mbed Studio\mbed-studio-tools\ac6\bin\..\lib\armlib\fz_wm.l(deqf.o)
    0x08016560   0x0000005e   Code   RO        36631    x$fpl$dfix          c:\Users\Jay\AppData\Local\Mbed Studio\mbed-studio-tools\ac6\bin\..\lib\armlib\fz_wm.l(dfix.o)
    0x080165be   0x0000002e   Code   RO        36640    x$fpl$dflt          c:\Users\Jay\AppData\Local\Mbed Studio\mbed-studio-tools\ac6\bin\..\lib\armlib\fz_wm.l(dflt_clz.o)
    0x080165ec   0x00000078   Code   RO        36968    x$fpl$dleqf         c:\Users\Jay\AppData\Local\Mbed Studio\mbed-studio-tools\ac6\bin\..\lib\armlib\fz_wm.l(dleqf.o)
    0x08016664   0x00000154   Code   RO        36645    x$fpl$dmul          c:\Users\Jay\AppData\Local\Mbed Studio\mbed-studio-tools\ac6\bin\..\lib\armlib\fz_wm.l(dmul.o)
    0x080167b8   0x0000009c   Code   RO        36970    x$fpl$dnaninf       c:\Users\Jay\AppData\Local\Mbed Studio\mbed-studio-tools\ac6\bin\..\lib\armlib\fz_wm.l(dnaninf.o)
    0x08016854   0x0000000c   Code   RO        36972    x$fpl$dretinf       c:\Users\Jay\AppData\Local\Mbed Studio\mbed-studio-tools\ac6\bin\..\lib\armlib\fz_wm.l(dretinf.o)
    0x08016860   0x0000006c   Code   RO        37552    x$fpl$drleqf        c:\Users\Jay\AppData\Local\Mbed Studio\mbed-studio-tools\ac6\bin\..\lib\armlib\fz_wm.l(drleqf.o)
    0x080168cc   0x00000198   Code   RO        36974    x$fpl$dsqrt         c:\Users\Jay\AppData\Local\Mbed Studio\mbed-studio-tools\ac6\bin\..\lib\armlib\fz_wm.l(dsqrt_umaal.o)
    0x08016a64   0x000001dc   Code   RO        36621    x$fpl$dsub          c:\Users\Jay\AppData\Local\Mbed Studio\mbed-studio-tools\ac6\bin\..\lib\armlib\fz_wm.l(daddsub_clz.o)
    0x08016c40   0x00000056   Code   RO        36647    x$fpl$f2d           c:\Users\Jay\AppData\Local\Mbed Studio\mbed-studio-tools\ac6\bin\..\lib\armlib\fz_wm.l(f2d.o)
    0x08016c96   0x0000008c   Code   RO        36976    x$fpl$fnaninf       c:\Users\Jay\AppData\Local\Mbed Studio\mbed-studio-tools\ac6\bin\..\lib\armlib\fz_wm.l(fnaninf.o)
    0x08016d22   0x0000001a   Code   RO        37442    x$fpl$fpinit        c:\Users\Jay\AppData\Local\Mbed Studio\mbed-studio-tools\ac6\bin\..\lib\armlib\fz_wm.l(fpinit.o)
    0x08016d3c   0x0000000a   Code   RO        37562    x$fpl$fretinf       c:\Users\Jay\AppData\Local\Mbed Studio\mbed-studio-tools\ac6\bin\..\lib\armlib\fz_wm.l(fretinf.o)
    0x08016d46   0x00000006   Code   RO        37444    x$fpl$ieeestatus    c:\Users\Jay\AppData\Local\Mbed Studio\mbed-studio-tools\ac6\bin\..\lib\armlib\fz_wm.l(istatus.o)
    0x08016d4c   0x00000004   Code   RO        36651    x$fpl$printf1       c:\Users\Jay\AppData\Local\Mbed Studio\mbed-studio-tools\ac6\bin\..\lib\armlib\fz_wm.l(printf1.o)
    0x08016d50   0x00000004   Code   RO        36978    x$fpl$printf2       c:\Users\Jay\AppData\Local\Mbed Studio\mbed-studio-tools\ac6\bin\..\lib\armlib\fz_wm.l(printf2.o)
    0x08016d54   0x00000064   Code   RO        37600    x$fpl$retnan        c:\Users\Jay\AppData\Local\Mbed Studio\mbed-studio-tools\ac6\bin\..\lib\armlib\fz_wm.l(retnan.o)
    0x08016db8   0x0000005c   Code   RO        37582    x$fpl$scalbn        c:\Users\Jay\AppData\Local\Mbed Studio\mbed-studio-tools\ac6\bin\..\lib\armlib\fz_wm.l(scalbn.o)
    0x08016e14   0x00000004   Code   RO        36984    x$fpl$scanf1        c:\Users\Jay\AppData\Local\Mbed Studio\mbed-studio-tools\ac6\bin\..\lib\armlib\fz_wm.l(scanf1.o)
    0x08016e18   0x00000008   Code   RO        37520    x$fpl$scanf2        c:\Users\Jay\AppData\Local\Mbed Studio\mbed-studio-tools\ac6\bin\..\lib\armlib\fz_wm.l(scanf2.o)
    0x08016e20   0x00000030   Code   RO        37602    x$fpl$trapveneer    c:\Users\Jay\AppData\Local\Mbed Studio\mbed-studio-tools\ac6\bin\..\lib\armlib\fz_wm.l(trapv.o)
    0x08016e50   0x00000000   Code   RO        36986    x$fpl$usenofp       c:\Users\Jay\AppData\Local\Mbed Studio\mbed-studio-tools\ac6\bin\..\lib\armlib\fz_wm.l(usenofp.o)
    0x08016e50   0x00000008   Data   RO        36420    .constdata          c:\Users\Jay\AppData\Local\Mbed Studio\mbed-studio-tools\ac6\bin\..\lib\armlib\c_w.l(_printf_wctomb.o)
    0x08016e58   0x00000028   Data   RO        36447    .constdata          c:\Users\Jay\AppData\Local\Mbed Studio\mbed-studio-tools\ac6\bin\..\lib\armlib\c_w.l(_printf_hex_int_ll_ptr.o)
    0x08016e80   0x00000011   Data   RO        36467    .constdata          c:\Users\Jay\AppData\Local\Mbed Studio\mbed-studio-tools\ac6\bin\..\lib\armlib\c_w.l(__printf_flags_ss_wp.o)
    0x08016e91   0x00000026   Data   RO        37328    .constdata          c:\Users\Jay\AppData\Local\Mbed Studio\mbed-studio-tools\ac6\bin\..\lib\armlib\c_w.l(_printf_fp_hex.o)
    0x08016eb7   0x00000001   PAD
    0x08016eb8   0x00000094   Data   RO        37349    .constdata          c:\Users\Jay\AppData\Local\Mbed Studio\mbed-studio-tools\ac6\bin\..\lib\armlib\c_w.l(bigflt0.o)
    0x08016f4c   0x000000a8   Data   RO         1004    .rodata             BUILD/DISCO_L475VG_IOT01A/ARMC6/mbed-os/cmsis/CMSIS_5/CMSIS/RTOS2/RTX/Source/rtx_lib.o
    0x08016ff4   0x00000010   Data   RO         1413    .rodata..L__const.mbed_rtos_init_singleton_mutex.singleton_mutex_attr  BUILD/DISCO_L475VG_IOT01A/ARMC6/mbed-os/cmsis/device/rtos/source/mbed_rtos_rtx.o
    0x08017004   0x0000017d   Data   RO          806    .rodata..Lconstinit.1  BUILD/DISCO_L475VG_IOT01A/ARMC6/COMPONENT_ism43362/ISM43362/ISM43362.o
    0x08017181   0x00000010   Data   RO        35485    .rodata.AHBPrescTable  BUILD/DISCO_L475VG_IOT01A/ARMC6/mbed-os/targets/TARGET_STM/TARGET_STM32L4/STM32Cube_FW/system_stm32l4xx.o
    0x08017191   0x00000008   Data   RO        35486    .rodata.APBPrescTable  BUILD/DISCO_L475VG_IOT01A/ARMC6/mbed-os/targets/TARGET_STM/TARGET_STM32L4/STM32Cube_FW/system_stm32l4xx.o
    0x08017199   0x00000003   PAD
    0x0801719c   0x00000030   Data   RO        35487    .rodata.MSIRangeTable  BUILD/DISCO_L475VG_IOT01A/ARMC6/mbed-os/targets/TARGET_STM/TARGET_STM32L4/STM32Cube_FW/system_stm32l4xx.o
    0x080171cc   0x000001bc   Data   RO        35491    .rodata.PinMap_ADC  BUILD/DISCO_L475VG_IOT01A/ARMC6/mbed-os/targets/TARGET_STM/TARGET_STM32L4/TARGET_STM32L475xG/TARGET_DISCO_L475VG_IOT01A/PeripheralPins.o
    0x08017388   0x00000030   Data   RO        35492    .rodata.PinMap_ADC_Internal  BUILD/DISCO_L475VG_IOT01A/ARMC6/mbed-os/targets/TARGET_STM/TARGET_STM32L4/TARGET_STM32L475xG/TARGET_DISCO_L475VG_IOT01A/PeripheralPins.o
    0x080173b8   0x0000006c   Data   RO        35502    .rodata.PinMap_SPI_MISO  BUILD/DISCO_L475VG_IOT01A/ARMC6/mbed-os/targets/TARGET_STM/TARGET_STM32L4/TARGET_STM32L475xG/TARGET_DISCO_L475VG_IOT01A/PeripheralPins.o
    0x08017424   0x0000006c   Data   RO        35501    .rodata.PinMap_SPI_MOSI  BUILD/DISCO_L475VG_IOT01A/ARMC6/mbed-os/targets/TARGET_STM/TARGET_STM32L4/TARGET_STM32L475xG/TARGET_DISCO_L475VG_IOT01A/PeripheralPins.o
    0x08017490   0x0000006c   Data   RO        35503    .rodata.PinMap_SPI_SCLK  BUILD/DISCO_L475VG_IOT01A/ARMC6/mbed-os/targets/TARGET_STM/TARGET_STM32L4/TARGET_STM32L475xG/TARGET_DISCO_L475VG_IOT01A/PeripheralPins.o
    0x080174fc   0x0000006c   Data   RO        35504    .rodata.PinMap_SPI_SSEL  BUILD/DISCO_L475VG_IOT01A/ARMC6/mbed-os/targets/TARGET_STM/TARGET_STM32L4/TARGET_STM32L475xG/TARGET_DISCO_L475VG_IOT01A/PeripheralPins.o
    0x08017568   0x00000001   Data   RO        36738    .rodata._ZSt7nothrow  c:\Users\Jay\AppData\Local\Mbed Studio\mbed-studio-tools\ac6\bin\..\lib\libcxx\libcpp_w.l(new.cpp.o)
    0x08017569   0x00000003   PAD
    0x0801756c   0x00000064   Data   RO          745    .rodata._ZTV11BufferedSpi  BUILD/DISCO_L475VG_IOT01A/ARMC6/COMPONENT_ism43362/ISM43362/ATParser/BufferedSpi/BufferedSpi.o
    0x080175d0   0x00000050   Data   RO        30198    .rodata._ZTV12DirectSerial  BUILD/DISCO_L475VG_IOT01A/ARMC6/mbed-os/platform/source/mbed_retarget.o
    0x08017620   0x00000058   Data   RO        25476    .rodata._ZTV14InternetSocket  BUILD/DISCO_L475VG_IOT01A/ARMC6/mbed-os/connectivity/netsocket/source/InternetSocket.o
    0x08017678   0x00000084   Data   RO        25542    .rodata._ZTV16NetworkInterface  BUILD/DISCO_L475VG_IOT01A/ARMC6/mbed-os/connectivity/netsocket/source/NetworkInterface.o
    0x080176fc   0x000001e8   Data   RO          366    .rodata._ZTV17ISM43362Interface  BUILD/DISCO_L475VG_IOT01A/ARMC6/COMPONENT_ism43362/ISM43362Interface.o
    0x080178e4   0x00000058   Data   RO        25790    .rodata._ZTV9TCPSocket  BUILD/DISCO_L475VG_IOT01A/ARMC6/mbed-os/connectivity/netsocket/source/TCPSocket.o
    0x0801793c   0x00000058   Data   RO        25892    .rodata._ZTV9UDPSocket  BUILD/DISCO_L475VG_IOT01A/ARMC6/mbed-os/connectivity/netsocket/source/UDPSocket.o
    0x08017994   0x0000000c   Data   RO        27403    .rodata._ZTVN4mbed10TimerEventE  BUILD/DISCO_L475VG_IOT01A/ARMC6/mbed-os/drivers/source/TimerEvent.o
    0x080179a0   0x00000010   Data   RO        27007    .rodata._ZTVN4mbed11InterruptInE  BUILD/DISCO_L475VG_IOT01A/ARMC6/mbed-os/drivers/source/InterruptIn.o
    0x080179b0   0x00000020   Data   RO        27204    .rodata._ZTVN4mbed3SPIE  BUILD/DISCO_L475VG_IOT01A/ARMC6/mbed-os/drivers/source/SPI.o
    0x080179d0   0x00000018   Data   RO        26626    .rodata._ZTVN4mbed8AnalogInE  BUILD/DISCO_L475VG_IOT01A/ARMC6/mbed-os/drivers/source/AnalogIn.o
    0x080179e8   0x0000000c   Data   RO        29737    .rodata._ZTVN4mbed8internal8SysTimerINSt3__25ratioILx1ELx1000EEELb1EEE  BUILD/DISCO_L475VG_IOT01A/ARMC6/mbed-os/platform/source/SysTimer.o
    0x080179f4   0x00000010   Data   RO        30501    .rodata._ZTVN4rtos6ThreadE  BUILD/DISCO_L475VG_IOT01A/ARMC6/mbed-os/rtos/source/Thread.o
    0x08017a04   0x00000018   Data   RO        30208    .rodata._ZZL15default_consolevE14console_pinmap  BUILD/DISCO_L475VG_IOT01A/ARMC6/mbed-os/platform/source/mbed_retarget.o
    0x08017a1c   0x00000008   Data   RO        30194    .rodata.__stderr_name  BUILD/DISCO_L475VG_IOT01A/ARMC6/mbed-os/platform/source/mbed_retarget.o
    0x08017a24   0x00000007   Data   RO        30192    .rodata.__stdin_name  BUILD/DISCO_L475VG_IOT01A/ARMC6/mbed-os/platform/source/mbed_retarget.o
    0x08017a2b   0x00000008   Data   RO        30193    .rodata.__stdout_name  BUILD/DISCO_L475VG_IOT01A/ARMC6/mbed-os/platform/source/mbed_retarget.o
    0x08017a33   0x00000001   PAD
    0x08017a34   0x00000010   Data   RO        32263    .rodata.cst16       BUILD/DISCO_L475VG_IOT01A/ARMC6/mbed-os/targets/TARGET_STM/TARGET_STM32L4/STM32Cube_FW/STM32L4xx_HAL_Driver/stm32l4xx_hal_adc.o
    0x08017a44   0x00000010   Data   RO        34883    .rodata.cst16       BUILD/DISCO_L475VG_IOT01A/ARMC6/mbed-os/targets/TARGET_STM/TARGET_STM32L4/STM32Cube_FW/STM32L4xx_HAL_Driver/stm32l4xx_hal_uart.o
    0x08017a54   0x0000000c   PAD
    0x08017a60   0x0000000a   Data   RO        30283    .rodata.delay_loop_code  BUILD/DISCO_L475VG_IOT01A/ARMC6/mbed-os/platform/source/mbed_wait_api_no_rtos.o
    0x08017a6a   0x00000002   PAD
    0x08017a6c   0x00000040   Data   RO        36004    .rodata.ll_pin_defines  BUILD/DISCO_L475VG_IOT01A/ARMC6/mbed-os/targets/TARGET_STM/pinmap.o
    0x08017aac   0x00000008   Data   RO        29180    .rodata.lp_data     BUILD/DISCO_L475VG_IOT01A/ARMC6/mbed-os/hal/source/mbed_lp_ticker_api.o
    0x08017ab4   0x00000024   Data   RO        29182    .rodata.lp_interface  BUILD/DISCO_L475VG_IOT01A/ARMC6/mbed-os/hal/source/mbed_lp_ticker_api.o
    0x08017ad8   0x00000008   Data   RO        35967    .rodata.lp_ticker_get_info.info  BUILD/DISCO_L475VG_IOT01A/ARMC6/mbed-os/targets/TARGET_STM/lp_ticker.o
    0x08017ae0   0x00000004   Data   RO         1006    .rodata.osRtxUserSVC  BUILD/DISCO_L475VG_IOT01A/ARMC6/mbed-os/cmsis/CMSIS_5/CMSIS/RTOS2/RTX/Source/rtx_lib.o
    0x08017ae4   0x00000024   Data   RO         1001    .rodata.os_idle_thread_attr  BUILD/DISCO_L475VG_IOT01A/ARMC6/mbed-os/cmsis/CMSIS_5/CMSIS/RTOS2/RTX/Source/rtx_lib.o
    0x08017b08   0x00000018   Data   RO         1003    .rodata.os_timer_mq_attr  BUILD/DISCO_L475VG_IOT01A/ARMC6/mbed-os/cmsis/CMSIS_5/CMSIS/RTOS2/RTX/Source/rtx_lib.o
    0x08017b20   0x00000024   Data   RO         1002    .rodata.os_timer_thread_attr  BUILD/DISCO_L475VG_IOT01A/ARMC6/mbed-os/cmsis/CMSIS_5/CMSIS/RTOS2/RTX/Source/rtx_lib.o
    0x08017b44   0x000000c0   Data   RO        35568    .rodata.pin_lines_desc  BUILD/DISCO_L475VG_IOT01A/ARMC6/mbed-os/targets/TARGET_STM/TARGET_STM32L4/gpio_irq_device.o
    0x08017c04   0x000000e3   Data   RO          365    .rodata.str1.1      BUILD/DISCO_L475VG_IOT01A/ARMC6/COMPONENT_ism43362/ISM43362Interface.o
    0x08017ce7   0x00000043   Data   RO          690    .rodata.str1.1      BUILD/DISCO_L475VG_IOT01A/ARMC6/COMPONENT_ism43362/ISM43362/ATParser/BufferedSpi/BufferedPrint.o
    0x08017d2a   0x00000246   Data   RO          807    .rodata.str1.1      BUILD/DISCO_L475VG_IOT01A/ARMC6/COMPONENT_ism43362/ISM43362/ISM43362.o
    0x08017f70   0x00000013   Data   RO         1007    .rodata.str1.1      BUILD/DISCO_L475VG_IOT01A/ARMC6/mbed-os/cmsis/CMSIS_5/CMSIS/RTOS2/RTX/Source/rtx_lib.o
    0x08017f83   0x00000010   Data   RO         1411    .rodata.str1.1      BUILD/DISCO_L475VG_IOT01A/ARMC6/mbed-os/cmsis/device/rtos/source/mbed_rtos_rtx.o
    0x08017f93   0x00000138   Data   RO         1448    .rodata.str1.1      BUILD/DISCO_L475VG_IOT01A/ARMC6/mbed-os/cmsis/device/rtos/source/mbed_rtx_handlers.o
    0x080180cb   0x00000035   Data   RO         1477    .rodata.str1.1      BUILD/DISCO_L475VG_IOT01A/ARMC6/mbed-os/cmsis/device/rtos/source/mbed_rtx_idle.o
    0x08018100   0x0000002f   Data   RO        25477    .rodata.str1.1      BUILD/DISCO_L475VG_IOT01A/ARMC6/mbed-os/connectivity/netsocket/source/InternetSocket.o
    0x0801812f   0x00000014   Data   RO        25570    .rodata.str1.1      BUILD/DISCO_L475VG_IOT01A/ARMC6/mbed-os/connectivity/netsocket/source/NetworkInterfaceDefaults.o
    0x08018143   0x0000005a   Data   RO        25614    .rodata.str1.1      BUILD/DISCO_L475VG_IOT01A/ARMC6/mbed-os/connectivity/netsocket/source/NetworkStack.o
    0x0801819d   0x00000044   Data   RO        25791    .rodata.str1.1      BUILD/DISCO_L475VG_IOT01A/ARMC6/mbed-os/connectivity/netsocket/source/TCPSocket.o
    0x080181e1   0x00000056   Data   RO        25978    .rodata.str1.1      BUILD/DISCO_L475VG_IOT01A/ARMC6/mbed-os/connectivity/netsocket/source/nsapi_dns.o
    0x08018237   0x0000004a   Data   RO        27205    .rodata.str1.1      BUILD/DISCO_L475VG_IOT01A/ARMC6/mbed-os/drivers/source/SPI.o
    0x08018281   0x0000003e   Data   RO        28579    .rodata.str1.1      BUILD/DISCO_L475VG_IOT01A/ARMC6/mbed-os/events/source/mbed_shared_queues.o
    0x080182bf   0x0000004e   Data   RO        29597    .rodata.str1.1      BUILD/DISCO_L475VG_IOT01A/ARMC6/mbed-os/platform/source/SysTimer.o
    0x0801830d   0x000000c8   Data   RO        29749    .rodata.str1.1      BUILD/DISCO_L475VG_IOT01A/ARMC6/mbed-os/platform/source/TARGET_CORTEX_M/mbed_fault_handler.o
    0x080183d5   0x000001aa   Data   RO        29935    .rodata.str1.1      BUILD/DISCO_L475VG_IOT01A/ARMC6/mbed-os/platform/source/mbed_error.o
    0x0801857f   0x00000063   Data   RO        30202    .rodata.str1.1      BUILD/DISCO_L475VG_IOT01A/ARMC6/mbed-os/platform/source/mbed_retarget.o
    0x080185e2   0x00000012   Data   RO        30393    .rodata.str1.1      BUILD/DISCO_L475VG_IOT01A/ARMC6/mbed-os/rtos/source/Mutex.o
    0x080185f4   0x00000025   Data   RO        30461    .rodata.str1.1      BUILD/DISCO_L475VG_IOT01A/ARMC6/mbed-os/rtos/source/ThisThread.o
    0x08018619   0x0000001b   Data   RO        30500    .rodata.str1.1      BUILD/DISCO_L475VG_IOT01A/ARMC6/mbed-os/rtos/source/Thread.o
    0x08018634   0x0000003e   Data   RO        35532    .rodata.str1.1      BUILD/DISCO_L475VG_IOT01A/ARMC6/mbed-os/targets/TARGET_STM/TARGET_STM32L4/analogin_device.o
    0x08018672   0x0000002a   Data   RO        36143    .rodata.str1.1      BUILD/DISCO_L475VG_IOT01A/ARMC6/mbed-os/targets/TARGET_STM/serial_api.o
    0x0801869c   0x00000039   Data   RO        36213    .rodata.str1.1      BUILD/DISCO_L475VG_IOT01A/ARMC6/mbed-os/targets/TARGET_STM/stm_spi_api.o
    0x080186d5   0x000000fc   Data   RO        36286    .rodata.str1.1      BUILD/DISCO_L475VG_IOT01A/ARMC6/source/main.o
    0x080187d1   0x00000003   PAD
    0x080187d4   0x0000000b   Data   RO          994    .rodata.str1.4      BUILD/DISCO_L475VG_IOT01A/ARMC6/mbed-os/cmsis/CMSIS_5/CMSIS/RTOS2/RTX/Source/rtx_kernel.o
    0x080187df   0x00000001   PAD
    0x080187e0   0x00000008   Data   RO        29273    .rodata.us_data     BUILD/DISCO_L475VG_IOT01A/ARMC6/mbed-os/hal/source/mbed_us_ticker_api.o
    0x080187e8   0x00000024   Data   RO        29275    .rodata.us_interface  BUILD/DISCO_L475VG_IOT01A/ARMC6/mbed-os/hal/source/mbed_us_ticker_api.o
    0x0801880c   0x00000008   Data   RO        36249    .rodata.us_ticker_get_info.info  BUILD/DISCO_L475VG_IOT01A/ARMC6/mbed-os/targets/TARGET_STM/us_ticker.o
    0x08018814   0x00000040   Data   RO        37604    Region$$Table       anon$$obj.o
    0x08018854   0x00000008   Data   RO        37516    c$$dinf             c:\Users\Jay\AppData\Local\Mbed Studio\mbed-studio-tools\ac6\bin\..\lib\armlib\fz_wm.l(fpconst.o)
    0x0801885c   0x00000008   Data   RO        37519    c$$dmax             c:\Users\Jay\AppData\Local\Mbed Studio\mbed-studio-tools\ac6\bin\..\lib\armlib\fz_wm.l(fpconst.o)
    0x08018864   0x00000110   Data   RO        36894    locale$$data        c:\Users\Jay\AppData\Local\Mbed Studio\mbed-studio-tools\ac6\bin\..\lib\armlib\c_w.l(lc_ctype_c.o)
    0x08018974   0x0000001c   Data   RO        37401    locale$$data        c:\Users\Jay\AppData\Local\Mbed Studio\mbed-studio-tools\ac6\bin\..\lib\armlib\c_w.l(lc_numeric_c.o)
    0x08018990   0x00000004   Data   RO        30625    .init_array         BUILD/DISCO_L475VG_IOT01A/ARMC6/mbed-os/storage/blockdevice/COMPONENT_QSPIF/source/QSPIFBlockDevice.o
    0x08018994   0x00000004   Data   RO        36287    .init_array         BUILD/DISCO_L475VG_IOT01A/ARMC6/source/main.o
    0x08018998   0x00000000   Data   RO        36614    .init_array         c:\Users\Jay\AppData\Local\Mbed Studio\mbed-studio-tools\ac6\bin\..\lib\armlib\c_w.l(init_aeabi.o)


    Execution Region RW_m_crash_data (Base: 0x10000188, Size: 0x00000100, Max: 0x00000100, ABSOLUTE)

    Base Addr    Size         Type   Attr      Idx    E Section Name        Object

    0x10000188   0x00000100   Zero   RW            1    RW_m_crash_data.bss  anon$$obj.o


    Execution Region RW_IRAM2 (Base: 0x10000288, Size: 0x000035bc, Max: 0x00007d78, ABSOLUTE)

    Base Addr    Size         Type   Attr      Idx    E Section Name        Object

    0x10000288   0x00000004   Data   RW        36531    .data               c:\Users\Jay\AppData\Local\Mbed Studio\mbed-studio-tools\ac6\bin\..\lib\armlib\c_w.l(stdio_streams.o)
    0x1000028c   0x00000004   Data   RW        36557    .data               c:\Users\Jay\AppData\Local\Mbed Studio\mbed-studio-tools\ac6\bin\..\lib\armlib\c_w.l(strtok.o)
    0x10000290   0x00000034   Data   RW          240    .data.Lsm6dslAccDrv  BUILD/DISCO_L475VG_IOT01A/ARMC6/BSP_B-L475E-IOT01/Drivers/BSP/Components/lsm6dsl/lsm6dsl.o
    0x100002c4   0x00000040   Data   RW        30207    .data._ZL11filehandles  BUILD/DISCO_L475VG_IOT01A/ARMC6/mbed-os/platform/source/mbed_retarget.o
    0x10000304   0x00000004   Data   RW        25971    .data._ZL13dns_unique_id  BUILD/DISCO_L475VG_IOT01A/ARMC6/mbed-os/connectivity/netsocket/source/nsapi_dns.o
    0x10000308   0x00000002   Data   RW        25970    .data._ZL14dns_message_id  BUILD/DISCO_L475VG_IOT01A/ARMC6/mbed-os/connectivity/netsocket/source/nsapi_dns.o
    0x1000030a   0x00000002   PAD
    0x1000030c   0x00000008   Data   RW        25543    .data._ZZL29get_interface_event_list_headvE10event_list  BUILD/DISCO_L475VG_IOT01A/ARMC6/mbed-os/connectivity/netsocket/source/NetworkInterface.o
    0x10000314   0x00000004   Data   RW        29181    .data.irq_handler   BUILD/DISCO_L475VG_IOT01A/ARMC6/mbed-os/hal/source/mbed_lp_ticker_api.o
    0x10000318   0x00000004   Data   RW        32202    .data.uwTickPrio    BUILD/DISCO_L475VG_IOT01A/ARMC6/mbed-os/targets/TARGET_STM/TARGET_STM32L4/STM32Cube_FW/STM32L4xx_HAL_Driver/stm32l4xx_hal.o
    0x1000031c   0x00000054   Zero   RW        36527    .bss                c:\Users\Jay\AppData\Local\Mbed Studio\mbed-studio-tools\ac6\bin\..\lib\armlib\c_w.l(stdio_streams.o)
    0x10000370   0x00000054   Zero   RW        36529    .bss                c:\Users\Jay\AppData\Local\Mbed Studio\mbed-studio-tools\ac6\bin\..\lib\armlib\c_w.l(stdio_streams.o)
    0x100003c4   0x000000e4   Zero   RW        36551    .bss                c:\Users\Jay\AppData\Local\Mbed Studio\mbed-studio-tools\ac6\bin\..\lib\armlib\c_w.l(rand.o)
    0x100004a8   0x00000004   Zero   RW        30210    .bss._ZGVZL15default_consolevE7console  BUILD/DISCO_L475VG_IOT01A/ARMC6/mbed-os/platform/source/mbed_retarget.o
    0x100004ac   0x00000004   Zero   RW          369    .bss._ZGVZN13WiFiInterface20get_default_instanceEvE3ism  BUILD/DISCO_L475VG_IOT01A/ARMC6/COMPONENT_ism43362/ISM43362Interface.o
    0x100004b0   0x00000004   Zero   RW        28587    .bss._ZGVZN4mbed33do_shared_event_queue_with_threadIL12osPriority_t24ELj768ELj2048EEEPN6events10EventQueueEPKcE5queue  BUILD/DISCO_L475VG_IOT01A/ARMC6/mbed-os/events/source/mbed_shared_queues.o
    0x100004b4   0x00000014   Zero   RW        25969    .bss._ZL11dns_call_in  BUILD/DISCO_L475VG_IOT01A/ARMC6/mbed-os/connectivity/netsocket/source/nsapi_dns.o
    0x100004c8   0x00000014   Zero   RW        25973    .bss._ZL15dns_query_queue  BUILD/DISCO_L475VG_IOT01A/ARMC6/mbed-os/connectivity/netsocket/source/nsapi_dns.o
    0x100004dc   0x00000028   Zero   RW        30197    .bss._ZL16filehandle_mutex  BUILD/DISCO_L475VG_IOT01A/ARMC6/mbed-os/platform/source/mbed_retarget.o
    0x10000504   0x0000000c   Zero   RW        25977    .bss._ZL9dns_cache  BUILD/DISCO_L475VG_IOT01A/ARMC6/mbed-os/connectivity/netsocket/source/nsapi_dns.o
    0x10000510   0x00000004   Zero   RW        29441    .bss._ZN10CThunkBase17_cthunk_free_realE  BUILD/DISCO_L475VG_IOT01A/ARMC6/mbed-os/platform/source/CThunkBase.o
    0x10000514   0x00000028   Zero   RW        26616    .bss._ZN4mbed8AnalogIn6_mutexE  BUILD/DISCO_L475VG_IOT01A/ARMC6/mbed-os/drivers/source/AnalogIn.o
    0x1000053c   0x00000004   Zero   RW        29499    .bss._ZN4mbed8FileBase8_defaultE  BUILD/DISCO_L475VG_IOT01A/ARMC6/mbed-os/platform/source/FileBase.o
    0x10000540   0x00000048   Zero   RW        30000    .bss._ZN4mbed8internal12_GLOBAL__N_113os_timer_dataE  BUILD/DISCO_L475VG_IOT01A/ARMC6/mbed-os/platform/source/mbed_os_timer.o
    0x10000588   0x00000004   Zero   RW        29999    .bss._ZN4mbed8internal8os_timerE  BUILD/DISCO_L475VG_IOT01A/ARMC6/mbed-os/platform/source/mbed_os_timer.o
    0x1000058c   0x00000004   Zero   RW        25612    .bss._ZZN12NetworkStack7call_inEiN4mbed8CallbackIFvvEEEE11event_queue  BUILD/DISCO_L475VG_IOT01A/ARMC6/mbed-os/connectivity/netsocket/source/NetworkStack.o
    0x10000590   0x0000051c   Zero   RW          368    .bss._ZZN13WiFiInterface20get_default_instanceEvE3ism  BUILD/DISCO_L475VG_IOT01A/ARMC6/COMPONENT_ism43362/ISM43362Interface.o
    0x10000aac   0x00000004   PAD
    0x10000ab0   0x00000300   Zero   RW        28585    .bss._ZZN4mbed33do_shared_event_queue_with_threadIL12osPriority_t24ELj768ELj2048EEEPN6events10EventQueueEPKcE12queue_buffer  BUILD/DISCO_L475VG_IOT01A/ARMC6/mbed-os/events/source/mbed_shared_queues.o
    0x10000db0   0x0000005c   Zero   RW        28586    .bss._ZZN4mbed33do_shared_event_queue_with_threadIL12osPriority_t24ELj768ELj2048EEEPN6events10EventQueueEPKcE5queue  BUILD/DISCO_L475VG_IOT01A/ARMC6/mbed-os/events/source/mbed_shared_queues.o
    0x10000e0c   0x00000004   Zero   RW        30366    .bss._ZZN4rtos6Kernel4impl14get_tick_countEvE6tick_l  BUILD/DISCO_L475VG_IOT01A/ARMC6/mbed-os/rtos/source/Kernel.o
    0x10000e10   0x00000002   Zero   RW          808    .bss._ZZN8ISM433624openEPKciS1_iE12rnglocalport  BUILD/DISCO_L475VG_IOT01A/ARMC6/COMPONENT_ism43362/ISM43362/ISM43362.o
    0x10000e12   0x00000006   PAD
    0x10000e18   0x00002000   Zero   RW         1408    .bss._main_stack    BUILD/DISCO_L475VG_IOT01A/ARMC6/mbed-os/cmsis/device/rtos/source/mbed_rtos_rtx.o
    0x10002e18   0x00000020   Zero   RW         1381    .bss._static_mutexes  BUILD/DISCO_L475VG_IOT01A/ARMC6/mbed-os/cmsis/device/rtos/TOOLCHAIN_ARM_STD/mbed_boot_arm_std.o
    0x10002e38   0x000000e0   Zero   RW         1382    .bss._static_mutexes_mem  BUILD/DISCO_L475VG_IOT01A/ARMC6/mbed-os/cmsis/device/rtos/TOOLCHAIN_ARM_STD/mbed_boot_arm_std.o
    0x10002f18   0x00000050   Zero   RW        36281    .bss.button         BUILD/DISCO_L475VG_IOT01A/ARMC6/source/main.o
    0x10002f68   0x00000004   Zero   RW        29934    .bss.error_count    BUILD/DISCO_L475VG_IOT01A/ARMC6/mbed-os/platform/source/mbed_error.o
    0x10002f6c   0x00000004   PAD
    0x10002f70   0x00000038   Zero   RW        29276    .bss.events         BUILD/DISCO_L475VG_IOT01A/ARMC6/mbed-os/hal/source/mbed_us_ticker_api.o
    0x10002fa8   0x00000001   Zero   RW        29937    .bss.halt_in_progress  BUILD/DISCO_L475VG_IOT01A/ARMC6/mbed-os/platform/source/mbed_error.o
    0x10002fa9   0x00000003   PAD
    0x10002fac   0x00000004   Zero   RW        36283    .bss.heartrate      BUILD/DISCO_L475VG_IOT01A/ARMC6/source/main.o
    0x10002fb0   0x00000002   Zero   RW        35837    .bss.irq_channel_used  BUILD/DISCO_L475VG_IOT01A/ARMC6/mbed-os/targets/TARGET_STM/gpio_irq_api.o
    0x10002fb2   0x00000002   PAD
    0x10002fb4   0x00000004   Zero   RW        35790    .bss.irq_handler    BUILD/DISCO_L475VG_IOT01A/ARMC6/mbed-os/targets/TARGET_STM/can_api.o
    0x10002fb8   0x00000004   Zero   RW        35839    .bss.irq_handler    BUILD/DISCO_L475VG_IOT01A/ARMC6/mbed-os/targets/TARGET_STM/gpio_irq_api.o
    0x10002fbc   0x00000040   Zero   RW        29931    .bss.last_error_ctx  BUILD/DISCO_L475VG_IOT01A/ARMC6/mbed-os/platform/source/mbed_error.o
    0x10002ffc   0x00000001   Zero   RW        35969    .bss.lp_delayed_prog  BUILD/DISCO_L475VG_IOT01A/ARMC6/mbed-os/targets/TARGET_STM/lp_ticker.o
    0x10002ffd   0x00000001   Zero   RW        29930    .bss.mbed_error_in_progress  BUILD/DISCO_L475VG_IOT01A/ARMC6/mbed-os/platform/source/mbed_error.o
    0x10002ffe   0x00000002   PAD
    0x10003000   0x00000004   Zero   RW        30196    .bss.mbed_heap_size  BUILD/DISCO_L475VG_IOT01A/ARMC6/mbed-os/platform/source/mbed_retarget.o
    0x10003004   0x00000004   Zero   RW        35996    .bss.mbed_sdk_inited  BUILD/DISCO_L475VG_IOT01A/ARMC6/mbed-os/targets/TARGET_STM/mbed_overrides.o
    0x10003008   0x00000004   Zero   RW         1399    .bss.mbed_stack_isr_size  BUILD/DISCO_L475VG_IOT01A/ARMC6/mbed-os/cmsis/device/rtos/source/mbed_boot.o
    0x1000300c   0x00000034   Zero   RW         1011    .bss.os.msgqueue.cb  BUILD/DISCO_L475VG_IOT01A/ARMC6/mbed-os/cmsis/CMSIS_5/CMSIS/RTOS2/RTX/Source/rtx_lib.o
    0x10003040   0x00000088   Zero   RW         1008    .bss.os.thread.cb   BUILD/DISCO_L475VG_IOT01A/ARMC6/mbed-os/cmsis/CMSIS_5/CMSIS/RTOS2/RTX/Source/rtx_lib.o
    0x100030c8   0x00000044   Zero   RW         1410    .bss.os.thread.cb   BUILD/DISCO_L475VG_IOT01A/ARMC6/mbed-os/cmsis/device/rtos/source/mbed_rtos_rtx.o
    0x1000310c   0x00000004   PAD
    0x10003110   0x00000300   Zero   RW         1009    .bss.os.thread.idle.stack  BUILD/DISCO_L475VG_IOT01A/ARMC6/mbed-os/cmsis/CMSIS_5/CMSIS/RTOS2/RTX/Source/rtx_lib.o
    0x10003410   0x00000001   Zero   RW         1383    .bss.os_kernel_is_active.os_kernel_active  BUILD/DISCO_L475VG_IOT01A/ARMC6/mbed-os/cmsis/device/rtos/TOOLCHAIN_ARM_STD/mbed_boot_arm_std.o
    0x10003411   0x00000001   Zero   RW        35971    .bss.roll_over_flag  BUILD/DISCO_L475VG_IOT01A/ARMC6/mbed-os/targets/TARGET_STM/lp_ticker.o
    0x10003412   0x00000001   Zero   RW        35974    .bss.sleep_manager_locked  BUILD/DISCO_L475VG_IOT01A/ARMC6/mbed-os/targets/TARGET_STM/lp_ticker.o
    0x10003413   0x00000001   Zero   RW        29144    .bss.state_saved    BUILD/DISCO_L475VG_IOT01A/ARMC6/mbed-os/hal/source/mbed_critical_section_api.o
    0x10003414   0x0000004c   Zero   RW        36144    .bss.stdio_uart     BUILD/DISCO_L475VG_IOT01A/ARMC6/mbed-os/targets/TARGET_STM/serial_api.o
    0x10003460   0x000000bc   Zero   RW        36284    .bss.t              BUILD/DISCO_L475VG_IOT01A/ARMC6/source/main.o
    0x1000351c   0x00000004   Zero   RW         1447    .bss.terminate_hook  BUILD/DISCO_L475VG_IOT01A/ARMC6/mbed-os/cmsis/device/rtos/source/mbed_rtx_handlers.o
    0x10003520   0x00000004   Zero   RW        36251    .bss.timer_cnt_reg  BUILD/DISCO_L475VG_IOT01A/ARMC6/mbed-os/targets/TARGET_STM/us_ticker.o
    0x10003524   0x00000004   Zero   RW        36253    .bss.timer_dier_reg  BUILD/DISCO_L475VG_IOT01A/ARMC6/mbed-os/targets/TARGET_STM/us_ticker.o
    0x10003528   0x00000004   Zero   RW        35852    .bss.total_ticks    BUILD/DISCO_L475VG_IOT01A/ARMC6/mbed-os/targets/TARGET_STM/hal_tick_overrides.o
    0x1000352c   0x00000318   Zero   RW        35626    .bss.uart_handlers  BUILD/DISCO_L475VG_IOT01A/ARMC6/mbed-os/targets/TARGET_STM/TARGET_STM32L4/serial_device.o


    Execution Region RW_IRAM1 (Base: 0x20000000, Size: 0x000018ec, Max: 0x00006000, ABSOLUTE, COMPRESSED[0x0000005c])

    Base Addr    Size         Type   Attr      Idx    E Section Name        Object

    0x20000000   0x00000004   Data   RW        36530    .data               c:\Users\Jay\AppData\Local\Mbed Studio\mbed-studio-tools\ac6\bin\..\lib\armlib\c_w.l(stdio_streams.o)
    0x20000004   0x00000004   Data   RW        36532    .data               c:\Users\Jay\AppData\Local\Mbed Studio\mbed-studio-tools\ac6\bin\..\lib\armlib\c_w.l(stdio_streams.o)
    0x20000008   0x00000004   Data   RW        36881    .data               c:\Users\Jay\AppData\Local\Mbed Studio\mbed-studio-tools\ac6\bin\..\lib\armlib\c_w.l(streamlock.o)
    0x2000000c   0x00000034   Data   RW          241    .data.Lsm6dslGyroDrv  BUILD/DISCO_L475VG_IOT01A/ARMC6/BSP_B-L475E-IOT01/Drivers/BSP/Components/lsm6dsl/lsm6dsl.o
    0x20000040   0x00000004   Data   RW        35484    .data.SystemCoreClock  BUILD/DISCO_L475VG_IOT01A/ARMC6/mbed-os/targets/TARGET_STM/TARGET_STM32L4/STM32Cube_FW/system_stm32l4xx.o
    0x20000044   0x00000055   Data   RW        25975    .data._ZL11dns_servers  BUILD/DISCO_L475VG_IOT01A/ARMC6/mbed-os/connectivity/netsocket/source/nsapi_dns.o
    0x20000099   0x00000003   PAD
    0x2000009c   0x00000004   Data   RW         1478    .data._ZL14idle_hook_fptr  BUILD/DISCO_L475VG_IOT01A/ARMC6/mbed-os/cmsis/device/rtos/source/mbed_rtx_idle.o
    0x200000a0   0x00000004   Data   RW        29274    .data.irq_handler   BUILD/DISCO_L475VG_IOT01A/ARMC6/mbed-os/hal/source/mbed_us_ticker_api.o
    0x200000a4   0x000000a4   Data   RW          995    .data.os            BUILD/DISCO_L475VG_IOT01A/ARMC6/mbed-os/cmsis/CMSIS_5/CMSIS/RTOS2/RTX/Source/rtx_kernel.o
    0x20000148   0x00000054   Zero   RW        36528    .bss                c:\Users\Jay\AppData\Local\Mbed Studio\mbed-studio-tools\ac6\bin\..\lib\armlib\c_w.l(stdio_streams.o)
    0x2000019c   0x00000060   Zero   RW        36771    .bss                c:\Users\Jay\AppData\Local\Mbed Studio\mbed-studio-tools\ac6\bin\..\lib\armlib\c_w.l(libspace.o)
    0x200001fc   0x00000004   Zero   RW           91    .bss.AccelerometerDrv  BUILD/DISCO_L475VG_IOT01A/ARMC6/BSP_B-L475E-IOT01/Drivers/BSP/B-L475E-IOT01/stm32l475e_iot01_accelero.o
    0x20000200   0x00000004   Zero   RW          102    .bss.GyroscopeDrv   BUILD/DISCO_L475VG_IOT01A/ARMC6/BSP_B-L475E-IOT01/Drivers/BSP/B-L475E-IOT01/stm32l475e_iot01_gyro.o
    0x20000204   0x00000001   Zero   RW        35975    .bss.LPTICKER_inited  BUILD/DISCO_L475VG_IOT01A/ARMC6/mbed-os/targets/TARGET_STM/lp_ticker.o
    0x20000205   0x00000003   PAD
    0x20000208   0x00000038   Zero   RW        35976    .bss.LptimHandle    BUILD/DISCO_L475VG_IOT01A/ARMC6/mbed-os/targets/TARGET_STM/lp_ticker.o
    0x20000240   0x0000004c   Zero   RW        36250    .bss.TimMasterHandle  BUILD/DISCO_L475VG_IOT01A/ARMC6/mbed-os/targets/TARGET_STM/us_ticker.o
    0x2000028c   0x00000004   Zero   RW        25613    .bss._ZGVZN12NetworkStack7call_inEiN4mbed8CallbackIFvvEEEE11event_queue  BUILD/DISCO_L475VG_IOT01A/ARMC6/mbed-os/connectivity/netsocket/source/NetworkStack.o
    0x20000290   0x00000004   Zero   RW        28590    .bss._ZGVZN4mbed33do_shared_event_queue_with_threadIL12osPriority_t24ELj768ELj2048EEEPN6events10EventQueueEPKcE6thread  BUILD/DISCO_L475VG_IOT01A/ARMC6/mbed-os/events/source/mbed_shared_queues.o
    0x20000294   0x00000010   Zero   RW        30200    .bss._ZL13stdio_in_prev  BUILD/DISCO_L475VG_IOT01A/ARMC6/mbed-os/platform/source/mbed_retarget.o
    0x200002a4   0x00000010   Zero   RW        30201    .bss._ZL14stdio_out_prev  BUILD/DISCO_L475VG_IOT01A/ARMC6/mbed-os/platform/source/mbed_retarget.o
    0x200002b4   0x00000028   Zero   RW        25976    .bss._ZL15dns_cache_mutex  BUILD/DISCO_L475VG_IOT01A/ARMC6/mbed-os/connectivity/netsocket/source/nsapi_dns.o
    0x200002dc   0x00000001   Zero   RW        25974    .bss._ZL17dns_timer_running  BUILD/DISCO_L475VG_IOT01A/ARMC6/mbed-os/connectivity/netsocket/source/nsapi_dns.o
    0x200002dd   0x00000003   PAD
    0x200002e0   0x00000028   Zero   RW        25972    .bss._ZL9dns_mutex  BUILD/DISCO_L475VG_IOT01A/ARMC6/mbed-os/connectivity/netsocket/source/nsapi_dns.o
    0x20000308   0x00000004   Zero   RW        30622    .bss._ZN16QSPIFBlockDevice28_active_qspif_flash_csel_arrE  BUILD/DISCO_L475VG_IOT01A/ARMC6/mbed-os/storage/blockdevice/COMPONENT_QSPIF/source/QSPIFBlockDevice.o
    0x2000030c   0x0000039c   Zero   RW        27202    .bss._ZN4mbed3SPI12_peripheralsE  BUILD/DISCO_L475VG_IOT01A/ARMC6/mbed-os/drivers/source/SPI.o
    0x200006a8   0x00000004   Zero   RW        27203    .bss._ZN4mbed3SPI17_peripherals_usedE  BUILD/DISCO_L475VG_IOT01A/ARMC6/mbed-os/drivers/source/SPI.o
    0x200006ac   0x00000004   Zero   RW        29497    .bss._ZN4mbed8FileBase5_headE  BUILD/DISCO_L475VG_IOT01A/ARMC6/mbed-os/platform/source/FileBase.o
    0x200006b0   0x00000028   Zero   RW        29498    .bss._ZN4mbed8FileBase6_mutexE  BUILD/DISCO_L475VG_IOT01A/ARMC6/mbed-os/platform/source/FileBase.o
    0x200006d8   0x00000004   Zero   RW        30209    .bss._ZZL15default_consolevE7console  BUILD/DISCO_L475VG_IOT01A/ARMC6/mbed-os/platform/source/mbed_retarget.o
    0x200006dc   0x00000004   PAD
    0x200006e0   0x00000800   Zero   RW        28588    .bss._ZZN4mbed33do_shared_event_queue_with_threadIL12osPriority_t24ELj768ELj2048EEEPN6events10EventQueueEPKcE5stack  BUILD/DISCO_L475VG_IOT01A/ARMC6/mbed-os/events/source/mbed_shared_queues.o
    0x20000ee0   0x000000bc   Zero   RW        28589    .bss._ZZN4mbed33do_shared_event_queue_with_threadIL12osPriority_t24ELj768ELj2048EEEPN6events10EventQueueEPKcE6thread  BUILD/DISCO_L475VG_IOT01A/ARMC6/mbed-os/events/source/mbed_shared_queues.o
    0x20000f9c   0x00000004   Zero   RW        30365    .bss._ZZN4rtos6Kernel4impl14get_tick_countEvE6tick_h  BUILD/DISCO_L475VG_IOT01A/ARMC6/mbed-os/rtos/source/Kernel.o
    0x20000fa0   0x00000024   Zero   RW         1409    .bss._main_thread_attr  BUILD/DISCO_L475VG_IOT01A/ARMC6/mbed-os/cmsis/device/rtos/source/mbed_rtos_rtx.o
    0x20000fc4   0x00000004   Zero   RW        35791    .bss.can_irq_contexts  BUILD/DISCO_L475VG_IOT01A/ARMC6/mbed-os/targets/TARGET_STM/can_api.o
    0x20000fc8   0x00000214   Zero   RW        35838    .bss.channels       BUILD/DISCO_L475VG_IOT01A/ARMC6/mbed-os/targets/TARGET_STM/gpio_irq_api.o
    0x200011dc   0x00000001   Zero   RW        29145    .bss.critical_interrupts_enabled  BUILD/DISCO_L475VG_IOT01A/ARMC6/mbed-os/hal/source/mbed_critical_section_api.o
    0x200011dd   0x00000003   PAD
    0x200011e0   0x00000004   Zero   RW        29881    .bss.critical_section_reentrancy_counter  BUILD/DISCO_L475VG_IOT01A/ARMC6/mbed-os/platform/source/mbed_critical.o
    0x200011e4   0x00000002   Zero   RW        30027    .bss.deep_sleep_lock  BUILD/DISCO_L475VG_IOT01A/ARMC6/mbed-os/platform/source/mbed_power_mgmt.o
    0x200011e6   0x00000002   PAD
    0x200011e8   0x00000004   Zero   RW        29936    .bss.error_hook     BUILD/DISCO_L475VG_IOT01A/ARMC6/mbed-os/platform/source/mbed_error.o
    0x200011ec   0x00000004   PAD
    0x200011f0   0x00000038   Zero   RW        29183    .bss.events         BUILD/DISCO_L475VG_IOT01A/ARMC6/mbed-os/hal/source/mbed_lp_ticker_api.o
    0x20001228   0x00000040   Zero   RW        29933    .bss.first_error_ctx  BUILD/DISCO_L475VG_IOT01A/ARMC6/mbed-os/platform/source/mbed_error.o
    0x20001268   0x00000001   Zero   RW        35970    .bss.future_event_flag  BUILD/DISCO_L475VG_IOT01A/ARMC6/mbed-os/targets/TARGET_STM/lp_ticker.o
    0x20001269   0x00000003   PAD
    0x2000126c   0x0000004c   Zero   RW           79    .bss.hI2cHandler    BUILD/DISCO_L475VG_IOT01A/ARMC6/BSP_B-L475E-IOT01/Drivers/BSP/B-L475E-IOT01/stm32l475e_iot01.o
    0x200012b8   0x00000001   Zero   RW        29932    .bss.is_reboot_error_valid  BUILD/DISCO_L475VG_IOT01A/ARMC6/mbed-os/platform/source/mbed_error.o
    0x200012b9   0x00000001   Zero   RW        35968    .bss.lp_Fired       BUILD/DISCO_L475VG_IOT01A/ARMC6/mbed-os/targets/TARGET_STM/lp_ticker.o
    0x200012ba   0x00000001   Zero   RW        35972    .bss.lp_cmpok       BUILD/DISCO_L475VG_IOT01A/ARMC6/mbed-os/targets/TARGET_STM/lp_ticker.o
    0x200012bb   0x00000001   PAD
    0x200012bc   0x00000004   Zero   RW        35973    .bss.lp_delayed_counter  BUILD/DISCO_L475VG_IOT01A/ARMC6/mbed-os/targets/TARGET_STM/lp_ticker.o
    0x200012c0   0x00000004   Zero   RW        30195    .bss.mbed_heap_start  BUILD/DISCO_L475VG_IOT01A/ARMC6/mbed-os/platform/source/mbed_retarget.o
    0x200012c4   0x00000004   Zero   RW         1398    .bss.mbed_stack_isr_start  BUILD/DISCO_L475VG_IOT01A/ARMC6/mbed-os/cmsis/device/rtos/source/mbed_boot.o
    0x200012c8   0x00000040   Zero   RW         1000    .bss.os             BUILD/DISCO_L475VG_IOT01A/ARMC6/mbed-os/cmsis/CMSIS_5/CMSIS/RTOS2/RTX/Source/rtx_lib.o
    0x20001308   0x000001f0   Zero   RW         1380    .bss.os.libspace    BUILD/DISCO_L475VG_IOT01A/ARMC6/mbed-os/cmsis/device/rtos/TOOLCHAIN_ARM_STD/mbed_boot_arm_std.o
    0x200014f8   0x00000050   Zero   RW         1012    .bss.os.msgqueue.mem  BUILD/DISCO_L475VG_IOT01A/ARMC6/mbed-os/cmsis/CMSIS_5/CMSIS/RTOS2/RTX/Source/rtx_lib.o
    0x20001548   0x00000300   Zero   RW         1010    .bss.os.thread.timer.stack  BUILD/DISCO_L475VG_IOT01A/ARMC6/mbed-os/cmsis/CMSIS_5/CMSIS/RTOS2/RTX/Source/rtx_lib.o
    0x20001848   0x00000002   Zero   RW        35851    .bss.prev_tick_remainder  BUILD/DISCO_L475VG_IOT01A/ARMC6/mbed-os/targets/TARGET_STM/hal_tick_overrides.o
    0x2000184a   0x00000002   PAD
    0x2000184c   0x00000004   Zero   RW        35850    .bss.prev_time      BUILD/DISCO_L475VG_IOT01A/ARMC6/mbed-os/targets/TARGET_STM/hal_tick_overrides.o
    0x20001850   0x00000070   Zero   RW        36285    .bss.pulse_sensor   BUILD/DISCO_L475VG_IOT01A/ARMC6/source/main.o
    0x200018c0   0x00000004   Zero   RW         1414    .bss.singleton_mutex_id  BUILD/DISCO_L475VG_IOT01A/ARMC6/mbed-os/cmsis/device/rtos/source/mbed_rtos_rtx.o
    0x200018c4   0x0000001c   Zero   RW         1412    .bss.singleton_mutex_obj  BUILD/DISCO_L475VG_IOT01A/ARMC6/mbed-os/cmsis/device/rtos/source/mbed_rtos_rtx.o
    0x200018e0   0x00000004   Zero   RW        36282    .bss.sos_status     BUILD/DISCO_L475VG_IOT01A/ARMC6/source/main.o
    0x200018e4   0x00000004   Zero   RW        36142    .bss.stdio_uart_inited  BUILD/DISCO_L475VG_IOT01A/ARMC6/mbed-os/targets/TARGET_STM/serial_api.o
    0x200018e8   0x00000004   Zero   RW        36252    .bss.timer_ccr1_reg  BUILD/DISCO_L475VG_IOT01A/ARMC6/mbed-os/targets/TARGET_STM/us_ticker.o


    Execution Region ARM_LIB_HEAP (Base: 0x200018f0, Size: 0x00016310, Max: 0x00016310, ABSOLUTE)

    Base Addr    Size         Type   Attr      Idx    E Section Name        Object

    0x200018f0   0x00016310   Zero   RW            2    ARM_LIB_HEAP.bss    anon$$obj.o


    Execution Region ARM_LIB_STACK (Base: 0x20017c00, Size: 0x00000400, Max: 0x00000400, ABSOLUTE)

    Base Addr    Size         Type   Attr      Idx    E Section Name        Object

    0x20017c00   0x00000400   Zero   RW            3    ARM_LIB_STACK.bss   anon$$obj.o


==============================================================================

Image component sizes


      Code (inc. data)   RO Data    RW Data    ZI Data      Debug   

     72598       5754       6804        456     111260      61196   Object Totals
         0          0         64          0      92176          0   (incl. Generated)
       190          0         22          5         50          0   (incl. Padding)
     20786        822        572         20        576      15648   Library Totals
        54          0          4          0          0          0   (incl. Padding)

==============================================================================


      Code (inc. data)   RO Data    RW Data    ZI Data      Debug   

     93384       6576       7376        476     111836      64664   Grand Totals
     93384       6576       7376        240     111836      64664   ELF Image Totals (compressed)
     93384       6576       7376        240          0          0   ROM Totals

==============================================================================

    Total RO  Size (Code + RO Data)               100760 (  98.40kB)
    Total RW  Size (RW Data + ZI Data)            112312 ( 109.68kB)
    Total ROM Size (Code + RO Data + RW Data)     101000 (  98.63kB)

==============================================================================

